20 code cells

  cell  1/20 ok
  cell  2/20 ok
  cell  3/20 ok
  cell  4/20 ok
  cell  5/20 ok
  cell  6/20 ok
  cell  7/20 ok
  cell  8/20 ok
  cell  9/20 ok
  cell 10/20 ok
  cell 11/20 ok
  cell 12/20 ok
  cell 13/20 ok
  cell 14/20 ok
  cell 15/20 ok
  cell 16/20 ok
data  : data
output: artifacts
WordSplit(train=223,300, validation=2,000)
{'count': 225300, 'unique': 225300, 'min_length': 1, 'max_length': 29, 'mean_length': 9.347665335108744, 'charset_size': 26, 'non_alphabet_characters': []}
  cell 17/20 ok
device=cuda  parameters=11,157,224
train words=223,300  eval words=120
steps=120  batch=64

  eval @ 60: win rate 12.50%  mean wrong 5.708  <- best, checkpointed
step    100/120  loss 5.9168  (presence 2.8293  position 3.0874)  lr 8.00e-05  34.8 steps/s
  eval @ 120: win rate 13.33%  mean wrong 5.692  <- best, checkpointed
best held-out win rate: 13.33%
  cell 18/20 ok
  cell 19/20 ok
  turn  1:     300 active,       0/300 finished (  0.0%)  0.0 min
  turn  2:     300 active,       0/300 finished (  0.0%)  0.0 min
  turn  3:     300 active,       0/300 finished (  0.0%)  0.0 min
  turn  4:     300 active,       0/300 finished (  0.0%)  0.0 min
  turn  5:     299 active,       1/300 finished (  0.3%)  0.0 min
  turn  6:     299 active,       1/300 finished (  0.3%)  0.0 min
  turn  7:     284 active,      16/300 finished (  5.3%)  0.0 min
  turn  8:     243 active,      57/300 finished ( 19.0%)  0.0 min
  turn  9:     183 active,     117/300 finished ( 39.0%)  0.0 min
  turn 10:     123 active,     177/300 finished ( 59.0%)  0.0 min
  turn 11:      67 active,     233/300 finished ( 77.7%)  0.0 min
  turn 12:      28 active,     272/300 finished ( 90.7%)  0.0 min
  turn 13:       9 active,     291/300 finished ( 97.0%)  0.0 min
  turn 14:       0 active,     300/300 finished (100.0%)  0.0 min
win rate    : 73.6667%
mean wrong  : 3.3133
Submission: VALID
  rows            : 300
  win rate        : 73.6667%
  total wrong     : 994
  mean wrong/word : 3.3133
  wasted guesses  : 0 (emitted after termination)
  est. LB score   : 73.6272
  cell 20/20 ok

ALL CELLS EXECUTED SUCCESSFULLY
