WordSplit(train=205,300, validation=20,000)

device=cuda  transformer=7,613,672  value_head=307,253
train words=205,300  eval words=2,000
rl steps=4,000  games/step=256

step    25/4,000  policy -0.2963  value 1.0017  entropy -2.3246  win% 51.8  1.31 steps/s
step    50/4,000  policy -0.3472  value 0.9576  entropy -2.3018  win% 52.6  1.33 steps/s
step    75/4,000  policy -0.4623  value 0.8826  entropy -2.2712  win% 53.7  1.35 steps/s
step   100/4,000  policy -0.5315  value 0.7946  entropy -2.2385  win% 55.7  1.32 steps/s
step   125/4,000  policy -0.3823  value 0.7336  entropy -2.2102  win% 55.1  1.33 steps/s
step   150/4,000  policy -0.3767  value 0.6686  entropy -2.1794  win% 55.7  1.33 steps/s
step   175/4,000  policy -0.4016  value 0.6156  entropy -2.1406  win% 57.1  1.34 steps/s
step   200/4,000  policy -0.4423  value 0.5935  entropy -2.1002  win% 57.9  1.34 steps/s
  eval @ 200: win rate 65.80%  mean wrong 3.676  <- best, checkpointed
step   225/4,000  policy -0.4894  value 0.5868  entropy -2.0649  win% 59.9  1.33 steps/s
step   250/4,000  policy -0.4705  value 0.6070  entropy -2.0252  win% 59.1  1.33 steps/s
step   275/4,000  policy -0.5268  value 0.5783  entropy -1.9913  win% 60.1  1.33 steps/s
step   300/4,000  policy -0.5866  value 0.5846  entropy -1.9310  win% 61.9  1.33 steps/s
step   325/4,000  policy -0.5090  value 0.6160  entropy -1.8586  win% 60.5  1.33 steps/s
step   350/4,000  policy -0.4645  value 0.6472  entropy -1.7789  win% 59.5  1.33 steps/s
step   375/4,000  policy -0.4949  value 0.6754  entropy -1.6985  win% 59.0  1.33 steps/s
step   400/4,000  policy -0.3705  value 0.7145  entropy -1.6282  win% 58.1  1.30 steps/s
  eval @ 400: win rate 60.45%  mean wrong 4.056
step   425/4,000  policy -0.5487  value 0.7597  entropy -1.5081  win% 54.5  1.27 steps/s
