WordSplit(train=205,300, validation=20,000)

device=cuda  parameters=11,157,224
train words=205,300  eval words=2,000
steps=90,000  batch=768

step    100/90,000  loss 5.8676  (presence 2.8147  position 3.0529)  lr 8.00e-05  5.2 steps/s
step    200/90,000  loss 5.4641  (presence 2.7135  position 2.7507)  lr 1.60e-04  5.3 steps/s
step    300/90,000  loss 5.3704  (presence 2.7007  position 2.6697)  lr 2.40e-04  5.3 steps/s
step    400/90,000  loss 5.2909  (presence 2.6930  position 2.5979)  lr 3.20e-04  5.2 steps/s
step    500/90,000  loss 5.2199  (presence 2.6791  position 2.5408)  lr 4.00e-04  5.2 steps/s
step    600/90,000  loss 5.1759  (presence 2.6699  position 2.5059)  lr 4.00e-04  5.2 steps/s
step    700/90,000  loss 5.1422  (presence 2.6632  position 2.4790)  lr 4.00e-04  5.2 steps/s
step    800/90,000  loss 5.1130  (presence 2.6557  position 2.4573)  lr 4.00e-04  5.2 steps/s
step    900/90,000  loss 5.1014  (presence 2.6535  position 2.4479)  lr 4.00e-04  5.2 steps/s
step  1,000/90,000  loss 5.0783  (presence 2.6462  position 2.4322)  lr 4.00e-04  5.2 steps/s
step  1,100/90,000  loss 5.0632  (presence 2.6434  position 2.4198)  lr 4.00e-04  5.2 steps/s
step  1,200/90,000  loss 5.0531  (presence 2.6410  position 2.4122)  lr 4.00e-04  5.2 steps/s
step  1,300/90,000  loss 5.0414  (presence 2.6347  position 2.4068)  lr 4.00e-04  5.2 steps/s
step  1,400/90,000  loss 5.0313  (presence 2.6333  position 2.3981)  lr 4.00e-04  5.2 steps/s
step  1,500/90,000  loss 5.0230  (presence 2.6305  position 2.3926)  lr 4.00e-04  5.2 steps/s
step  1,600/90,000  loss 5.0181  (presence 2.6292  position 2.3889)  lr 4.00e-04  5.2 steps/s
step  1,700/90,000  loss 5.0147  (presence 2.6297  position 2.3850)  lr 4.00e-04  5.2 steps/s
step  1,800/90,000  loss 5.0007  (presence 2.6239  position 2.3768)  lr 4.00e-04  5.2 steps/s
step  1,900/90,000  loss 4.9988  (presence 2.6247  position 2.3742)  lr 4.00e-04  5.2 steps/s
step  2,000/90,000  loss 4.9931  (presence 2.6226  position 2.3705)  lr 4.00e-04  5.2 steps/s
step  2,100/90,000  loss 4.9860  (presence 2.6195  position 2.3665)  lr 4.00e-04  5.2 steps/s
step  2,200/90,000  loss 4.9803  (presence 2.6174  position 2.3629)  lr 4.00e-04  5.2 steps/s
step  2,300/90,000  loss 4.9808  (presence 2.6200  position 2.3608)  lr 4.00e-04  5.2 steps/s
step  2,400/90,000  loss 4.9775  (presence 2.6172  position 2.3604)  lr 4.00e-04  5.2 steps/s
step  2,500/90,000  loss 4.9759  (presence 2.6185  position 2.3574)  lr 4.00e-04  5.2 steps/s
  eval @ 2,500: win rate 46.30%  mean wrong 4.704  <- best, checkpointed
step  2,600/90,000  loss 4.9707  (presence 2.6163  position 2.3544)  lr 3.99e-04  5.2 steps/s
step  2,700/90,000  loss 4.9669  (presence 2.6155  position 2.3515)  lr 3.99e-04  5.2 steps/s
step  2,800/90,000  loss 4.9608  (presence 2.6134  position 2.3474)  lr 3.99e-04  5.2 steps/s
step  2,900/90,000  loss 4.9549  (presence 2.6103  position 2.3446)  lr 3.99e-04  5.2 steps/s
step  3,000/90,000  loss 4.9520  (presence 2.6105  position 2.3415)  lr 3.99e-04  5.2 steps/s
step  3,100/90,000  loss 4.9569  (presence 2.6120  position 2.3449)  lr 3.99e-04  5.2 steps/s
step  3,200/90,000  loss 4.9520  (presence 2.6113  position 2.3407)  lr 3.99e-04  5.2 steps/s
step  3,300/90,000  loss 4.9446  (presence 2.6080  position 2.3366)  lr 3.99e-04  5.2 steps/s
step  3,400/90,000  loss 4.9449  (presence 2.6084  position 2.3365)  lr 3.99e-04  5.2 steps/s
step  3,500/90,000  loss 4.9426  (presence 2.6073  position 2.3352)  lr 3.99e-04  5.2 steps/s
step  3,600/90,000  loss 4.9393  (presence 2.6069  position 2.3324)  lr 3.99e-04  5.2 steps/s
step  3,700/90,000  loss 4.9316  (presence 2.6027  position 2.3289)  lr 3.99e-04  5.2 steps/s
step  3,800/90,000  loss 4.9325  (presence 2.6044  position 2.3281)  lr 3.99e-04  5.2 steps/s
step  3,900/90,000  loss 4.9242  (presence 2.6012  position 2.3229)  lr 3.99e-04  5.2 steps/s
step  4,000/90,000  loss 4.9253  (presence 2.6015  position 2.3238)  lr 3.98e-04  5.2 steps/s
step  4,100/90,000  loss 4.9218  (presence 2.6006  position 2.3212)  lr 3.98e-04  5.2 steps/s
step  4,200/90,000  loss 4.9261  (presence 2.6027  position 2.3234)  lr 3.98e-04  5.2 steps/s
step  4,300/90,000  loss 4.9206  (presence 2.5997  position 2.3209)  lr 3.98e-04  5.2 steps/s
step  4,400/90,000  loss 4.9226  (presence 2.6021  position 2.3205)  lr 3.98e-04  5.2 steps/s
step  4,500/90,000  loss 4.9182  (presence 2.6006  position 2.3175)  lr 3.98e-04  5.2 steps/s
step  4,600/90,000  loss 4.9184  (presence 2.6006  position 2.3178)  lr 3.98e-04  5.2 steps/s
step  4,700/90,000  loss 4.9142  (presence 2.5987  position 2.3155)  lr 3.98e-04  5.2 steps/s
step  4,800/90,000  loss 4.9154  (presence 2.5991  position 2.3164)  lr 3.98e-04  5.2 steps/s
step  4,900/90,000  loss 4.9149  (presence 2.5982  position 2.3166)  lr 3.98e-04  5.2 steps/s
step  5,000/90,000  loss 4.9114  (presence 2.5978  position 2.3135)  lr 3.98e-04  5.2 steps/s
  eval @ 5,000: win rate 52.95%  mean wrong 4.439  <- best, checkpointed
step  5,100/90,000  loss 4.9082  (presence 2.5967  position 2.3115)  lr 3.97e-04  5.2 steps/s
step  5,200/90,000  loss 4.9026  (presence 2.5944  position 2.3082)  lr 3.97e-04  5.2 steps/s
step  5,300/90,000  loss 4.8989  (presence 2.5935  position 2.3054)  lr 3.97e-04  5.2 steps/s
step  5,400/90,000  loss 4.9015  (presence 2.5941  position 2.3074)  lr 3.97e-04  5.2 steps/s
step  5,500/90,000  loss 4.9089  (presence 2.5981  position 2.3108)  lr 3.97e-04  5.2 steps/s
step  5,600/90,000  loss 4.9054  (presence 2.5955  position 2.3099)  lr 3.97e-04  5.2 steps/s
step  5,700/90,000  loss 4.9038  (presence 2.5958  position 2.3080)  lr 3.97e-04  5.2 steps/s
step  5,800/90,000  loss 4.8975  (presence 2.5919  position 2.3055)  lr 3.97e-04  5.2 steps/s
step  5,900/90,000  loss 4.8974  (presence 2.5939  position 2.3036)  lr 3.96e-04  5.1 steps/s
step  6,000/90,000  loss 4.9039  (presence 2.5953  position 2.3085)  lr 3.96e-04  5.1 steps/s
step  6,100/90,000  loss 4.8991  (presence 2.5933  position 2.3059)  lr 3.96e-04  5.1 steps/s
step  6,200/90,000  loss 4.8944  (presence 2.5915  position 2.3030)  lr 3.96e-04  5.1 steps/s
step  6,300/90,000  loss 4.8918  (presence 2.5903  position 2.3015)  lr 3.96e-04  5.1 steps/s
step  6,400/90,000  loss 4.8912  (presence 2.5911  position 2.3001)  lr 3.96e-04  5.1 steps/s
step  6,500/90,000  loss 4.8887  (presence 2.5901  position 2.2986)  lr 3.96e-04  5.1 steps/s
step  6,600/90,000  loss 4.8934  (presence 2.5928  position 2.3007)  lr 3.95e-04  5.1 steps/s
step  6,700/90,000  loss 4.8878  (presence 2.5892  position 2.2986)  lr 3.95e-04  5.1 steps/s
step  6,800/90,000  loss 4.8835  (presence 2.5885  position 2.2950)  lr 3.95e-04  5.1 steps/s
step  6,900/90,000  loss 4.8906  (presence 2.5911  position 2.2994)  lr 3.95e-04  5.1 steps/s
step  7,000/90,000  loss 4.8840  (presence 2.5879  position 2.2961)  lr 3.95e-04  4.8 steps/s
step  7,100/90,000  loss 4.8835  (presence 2.5879  position 2.2956)  lr 3.95e-04  4.6 steps/s
step  7,200/90,000  loss 4.8763  (presence 2.5842  position 2.2921)  lr 3.94e-04  4.3 steps/s
step  7,300/90,000  loss 4.8901  (presence 2.5911  position 2.2990)  lr 3.94e-04  4.1 steps/s
step  7,400/90,000  loss 4.8853  (presence 2.5883  position 2.2970)  lr 3.94e-04  4.0 steps/s
step  7,500/90,000  loss 4.8798  (presence 2.5863  position 2.2935)  lr 3.94e-04  3.8 steps/s
  eval @ 7,500: win rate 55.80%  mean wrong 4.290  <- best, checkpointed
step  7,600/90,000  loss 4.8768  (presence 2.5856  position 2.2912)  lr 3.94e-04  3.6 steps/s
step  7,700/90,000  loss 4.8821  (presence 2.5879  position 2.2942)  lr 3.94e-04  3.5 steps/s
step  7,800/90,000  loss 4.8798  (presence 2.5863  position 2.2935)  lr 3.93e-04  3.4 steps/s
step  7,900/90,000  loss 4.8818  (presence 2.5893  position 2.2925)  lr 3.93e-04  3.3 steps/s
step  8,000/90,000  loss 4.8680  (presence 2.5802  position 2.2877)  lr 3.93e-04  3.2 steps/s
step  8,100/90,000  loss 4.8791  (presence 2.5868  position 2.2923)  lr 3.93e-04  3.1 steps/s
step  8,200/90,000  loss 4.8738  (presence 2.5826  position 2.2912)  lr 3.93e-04  3.0 steps/s
step  8,300/90,000  loss 4.8734  (presence 2.5841  position 2.2892)  lr 3.93e-04  2.9 steps/s
step  8,400/90,000  loss 4.8822  (presence 2.5884  position 2.2938)  lr 3.92e-04  2.8 steps/s
step  8,500/90,000  loss 4.8612  (presence 2.5785  position 2.2827)  lr 3.92e-04  2.8 steps/s
step  8,600/90,000  loss 4.8692  (presence 2.5842  position 2.2850)  lr 3.92e-04  2.7 steps/s
step  8,700/90,000  loss 4.8788  (presence 2.5867  position 2.2921)  lr 3.92e-04  2.7 steps/s
step  8,800/90,000  loss 4.8666  (presence 2.5829  position 2.2837)  lr 3.92e-04  2.6 steps/s
step  8,900/90,000  loss 4.8697  (presence 2.5824  position 2.2873)  lr 3.91e-04  2.6 steps/s
step  9,000/90,000  loss 4.8629  (presence 2.5807  position 2.2822)  lr 3.91e-04  2.5 steps/s
step  9,100/90,000  loss 4.8696  (presence 2.5836  position 2.2860)  lr 3.91e-04  2.5 steps/s
step  9,200/90,000  loss 4.8695  (presence 2.5844  position 2.2851)  lr 3.91e-04  2.4 steps/s
step  9,300/90,000  loss 4.8628  (presence 2.5804  position 2.2824)  lr 3.91e-04  2.4 steps/s
step  9,400/90,000  loss 4.8647  (presence 2.5809  position 2.2838)  lr 3.90e-04  2.3 steps/s
step  9,500/90,000  loss 4.8626  (presence 2.5803  position 2.2823)  lr 3.90e-04  2.3 steps/s
step  9,600/90,000  loss 4.8545  (presence 2.5766  position 2.2779)  lr 3.90e-04  2.3 steps/s
step  9,700/90,000  loss 4.8618  (presence 2.5790  position 2.2829)  lr 3.90e-04  2.2 steps/s
step  9,800/90,000  loss 4.8590  (presence 2.5787  position 2.2803)  lr 3.89e-04  2.2 steps/s
step  9,900/90,000  loss 4.8551  (presence 2.5778  position 2.2773)  lr 3.89e-04  2.2 steps/s
step 10,000/90,000  loss 4.8557  (presence 2.5782  position 2.2775)  lr 3.89e-04  2.2 steps/s
  eval @ 10,000: win rate 56.75%  mean wrong 4.203  <- best, checkpointed
step 10,100/90,000  loss 4.8580  (presence 2.5783  position 2.2797)  lr 3.89e-04  2.1 steps/s
step 10,200/90,000  loss 4.8586  (presence 2.5795  position 2.2791)  lr 3.89e-04  2.1 steps/s
step 10,300/90,000  loss 4.8550  (presence 2.5775  position 2.2775)  lr 3.88e-04  2.1 steps/s
step 10,400/90,000  loss 4.8531  (presence 2.5774  position 2.2757)  lr 3.88e-04  2.0 steps/s
step 10,500/90,000  loss 4.8562  (presence 2.5787  position 2.2775)  lr 3.88e-04  2.0 steps/s
step 10,600/90,000  loss 4.8524  (presence 2.5764  position 2.2761)  lr 3.88e-04  2.0 steps/s
step 10,700/90,000  loss 4.8537  (presence 2.5772  position 2.2765)  lr 3.87e-04  2.0 steps/s
step 10,800/90,000  loss 4.8528  (presence 2.5773  position 2.2755)  lr 3.87e-04  2.0 steps/s
step 10,900/90,000  loss 4.8502  (presence 2.5756  position 2.2746)  lr 3.87e-04  1.9 steps/s
step 11,000/90,000  loss 4.8576  (presence 2.5787  position 2.2789)  lr 3.87e-04  1.9 steps/s
step 11,100/90,000  loss 4.8570  (presence 2.5782  position 2.2789)  lr 3.86e-04  1.9 steps/s
step 11,200/90,000  loss 4.8524  (presence 2.5765  position 2.2759)  lr 3.86e-04  1.9 steps/s
step 11,300/90,000  loss 4.8450  (presence 2.5731  position 2.2719)  lr 3.86e-04  1.9 steps/s
step 11,400/90,000  loss 4.8516  (presence 2.5755  position 2.2761)  lr 3.86e-04  1.9 steps/s
step 11,500/90,000  loss 4.8455  (presence 2.5731  position 2.2724)  lr 3.85e-04  1.9 steps/s
step 11,600/90,000  loss 4.8466  (presence 2.5755  position 2.2711)  lr 3.85e-04  1.9 steps/s
step 11,700/90,000  loss 4.8460  (presence 2.5738  position 2.2722)  lr 3.85e-04  1.9 steps/s
step 11,800/90,000  loss 4.8472  (presence 2.5743  position 2.2729)  lr 3.84e-04  1.9 steps/s
step 11,900/90,000  loss 4.8463  (presence 2.5760  position 2.2703)  lr 3.84e-04  1.9 steps/s
step 12,000/90,000  loss 4.8446  (presence 2.5740  position 2.2706)  lr 3.84e-04  1.9 steps/s
step 12,100/90,000  loss 4.8459  (presence 2.5741  position 2.2719)  lr 3.84e-04  1.9 steps/s
step 12,200/90,000  loss 4.8382  (presence 2.5709  position 2.2673)  lr 3.83e-04  1.9 steps/s
step 12,300/90,000  loss 4.8416  (presence 2.5743  position 2.2673)  lr 3.83e-04  1.9 steps/s
step 12,400/90,000  loss 4.8394  (presence 2.5733  position 2.2661)  lr 3.83e-04  2.0 steps/s
step 12,500/90,000  loss 4.8485  (presence 2.5747  position 2.2738)  lr 3.83e-04  2.0 steps/s
  eval @ 12,500: win rate 59.05%  mean wrong 4.095  <- best, checkpointed
step 12,600/90,000  loss 4.8407  (presence 2.5734  position 2.2673)  lr 3.82e-04  2.0 steps/s
step 12,700/90,000  loss 4.8460  (presence 2.5752  position 2.2708)  lr 3.82e-04  2.0 steps/s
step 12,800/90,000  loss 4.8404  (presence 2.5731  position 2.2673)  lr 3.82e-04  2.0 steps/s
step 12,900/90,000  loss 4.8379  (presence 2.5716  position 2.2663)  lr 3.81e-04  2.0 steps/s
step 13,000/90,000  loss 4.8424  (presence 2.5738  position 2.2686)  lr 3.81e-04  1.9 steps/s
step 13,100/90,000  loss 4.8299  (presence 2.5679  position 2.2620)  lr 3.81e-04  1.9 steps/s
step 13,200/90,000  loss 4.8457  (presence 2.5757  position 2.2700)  lr 3.80e-04  1.9 steps/s
step 13,300/90,000  loss 4.8344  (presence 2.5706  position 2.2637)  lr 3.80e-04  1.9 steps/s
step 13,400/90,000  loss 4.8313  (presence 2.5691  position 2.2622)  lr 3.80e-04  1.9 steps/s
step 13,500/90,000  loss 4.8331  (presence 2.5698  position 2.2633)  lr 3.80e-04  1.9 steps/s
step 13,600/90,000  loss 4.8351  (presence 2.5702  position 2.2650)  lr 3.79e-04  1.9 steps/s
step 13,700/90,000  loss 4.8383  (presence 2.5715  position 2.2668)  lr 3.79e-04  1.8 steps/s
step 13,800/90,000  loss 4.8370  (presence 2.5711  position 2.2659)  lr 3.79e-04  1.8 steps/s
step 13,900/90,000  loss 4.8399  (presence 2.5711  position 2.2687)  lr 3.78e-04  1.8 steps/s
step 14,000/90,000  loss 4.8385  (presence 2.5720  position 2.2665)  lr 3.78e-04  1.8 steps/s
step 14,100/90,000  loss 4.8330  (presence 2.5703  position 2.2627)  lr 3.78e-04  1.8 steps/s
step 14,200/90,000  loss 4.8378  (presence 2.5725  position 2.2653)  lr 3.77e-04  1.8 steps/s
step 14,300/90,000  loss 4.8367  (presence 2.5699  position 2.2667)  lr 3.77e-04  1.8 steps/s
step 14,400/90,000  loss 4.8301  (presence 2.5689  position 2.2612)  lr 3.77e-04  1.8 steps/s
step 14,500/90,000  loss 4.8274  (presence 2.5652  position 2.2622)  lr 3.76e-04  1.8 steps/s
step 14,600/90,000  loss 4.8392  (presence 2.5719  position 2.2673)  lr 3.76e-04  1.8 steps/s
step 14,700/90,000  loss 4.8273  (presence 2.5685  position 2.2588)  lr 3.76e-04  1.8 steps/s
step 14,800/90,000  loss 4.8381  (presence 2.5712  position 2.2670)  lr 3.75e-04  1.8 steps/s
step 14,900/90,000  loss 4.8332  (presence 2.5690  position 2.2642)  lr 3.75e-04  1.8 steps/s
step 15,000/90,000  loss 4.8339  (presence 2.5718  position 2.2621)  lr 3.75e-04  1.8 steps/s
  eval @ 15,000: win rate 60.60%  mean wrong 4.015  <- best, checkpointed
step 15,100/90,000  loss 4.8255  (presence 2.5653  position 2.2602)  lr 3.74e-04  1.8 steps/s
step 15,200/90,000  loss 4.8351  (presence 2.5706  position 2.2645)  lr 3.74e-04  1.8 steps/s
step 15,300/90,000  loss 4.8294  (presence 2.5685  position 2.2609)  lr 3.74e-04  1.8 steps/s
step 15,400/90,000  loss 4.8306  (presence 2.5698  position 2.2608)  lr 3.73e-04  1.8 steps/s
step 15,500/90,000  loss 4.8224  (presence 2.5641  position 2.2583)  lr 3.73e-04  1.8 steps/s
step 15,600/90,000  loss 4.8300  (presence 2.5680  position 2.2620)  lr 3.73e-04  1.8 steps/s
step 15,700/90,000  loss 4.8273  (presence 2.5678  position 2.2595)  lr 3.72e-04  1.8 steps/s
step 15,800/90,000  loss 4.8288  (presence 2.5661  position 2.2627)  lr 3.72e-04  1.8 steps/s
step 15,900/90,000  loss 4.8306  (presence 2.5678  position 2.2628)  lr 3.71e-04  1.8 steps/s
step 16,000/90,000  loss 4.8253  (presence 2.5672  position 2.2581)  lr 3.71e-04  1.8 steps/s
