WordSplit(train=205,300, validation=20,000)

resumed from artifacts\run6\last_state.pt at step 15,000 (best 60.60%)
device=cuda  parameters=11,157,224
train words=205,300  eval words=2,000
steps=90,000  batch=768

step 15,100/90,000  loss 4.8238  (presence 2.5650  position 2.2588)  lr 3.74e-04  776.5 steps/s
step 15,200/90,000  loss 4.8280  (presence 2.5684  position 2.2595)  lr 3.74e-04  394.2 steps/s
step 15,300/90,000  loss 4.8303  (presence 2.5673  position 2.2630)  lr 3.74e-04  264.6 steps/s
step 15,400/90,000  loss 4.8346  (presence 2.5694  position 2.2653)  lr 3.73e-04  199.1 steps/s
step 15,500/90,000  loss 4.8205  (presence 2.5643  position 2.2562)  lr 3.73e-04  160.8 steps/s
step 15,600/90,000  loss 4.8315  (presence 2.5676  position 2.2638)  lr 3.73e-04  134.8 steps/s
step 15,700/90,000  loss 4.8334  (presence 2.5700  position 2.2634)  lr 3.72e-04  113.2 steps/s
step 15,800/90,000  loss 4.8231  (presence 2.5674  position 2.2558)  lr 3.72e-04  95.1 steps/s
step 15,900/90,000  loss 4.8348  (presence 2.5705  position 2.2643)  lr 3.71e-04  82.7 steps/s
step 16,000/90,000  loss 4.8239  (presence 2.5657  position 2.2582)  lr 3.71e-04  75.6 steps/s
step 16,100/90,000  loss 4.8249  (presence 2.5674  position 2.2575)  lr 3.71e-04  69.7 steps/s
step 16,200/90,000  loss 4.8242  (presence 2.5679  position 2.2563)  lr 3.70e-04  64.6 steps/s
step 16,300/90,000  loss 4.8235  (presence 2.5642  position 2.2593)  lr 3.70e-04  60.2 steps/s
step 16,400/90,000  loss 4.8214  (presence 2.5644  position 2.2570)  lr 3.70e-04  56.4 steps/s
step 16,500/90,000  loss 4.8214  (presence 2.5647  position 2.2567)  lr 3.69e-04  53.2 steps/s
step 16,600/90,000  loss 4.8246  (presence 2.5656  position 2.2590)  lr 3.69e-04  50.4 steps/s
step 16,700/90,000  loss 4.8235  (presence 2.5661  position 2.2575)  lr 3.69e-04  48.0 steps/s
step 16,800/90,000  loss 4.8168  (presence 2.5641  position 2.2527)  lr 3.68e-04  45.2 steps/s
step 16,900/90,000  loss 4.8185  (presence 2.5649  position 2.2536)  lr 3.68e-04  42.6 steps/s
step 17,000/90,000  loss 4.8204  (presence 2.5651  position 2.2553)  lr 3.67e-04  40.4 steps/s
step 17,100/90,000  loss 4.8155  (presence 2.5621  position 2.2534)  lr 3.67e-04  38.4 steps/s
step 17,200/90,000  loss 4.8149  (presence 2.5613  position 2.2536)  lr 3.67e-04  37.0 steps/s
step 17,300/90,000  loss 4.8193  (presence 2.5653  position 2.2540)  lr 3.66e-04  35.7 steps/s
step 17,400/90,000  loss 4.8188  (presence 2.5628  position 2.2560)  lr 3.66e-04  34.6 steps/s
step 17,500/90,000  loss 4.8211  (presence 2.5658  position 2.2553)  lr 3.65e-04  33.5 steps/s
  eval @ 17,500: win rate 61.80%  mean wrong 3.937  <- best, checkpointed
step 17,600/90,000  loss 4.8186  (presence 2.5643  position 2.2544)  lr 3.65e-04  32.4 steps/s
step 17,700/90,000  loss 4.8185  (presence 2.5645  position 2.2540)  lr 3.65e-04  31.4 steps/s
step 17,800/90,000  loss 4.8157  (presence 2.5629  position 2.2528)  lr 3.64e-04  30.6 steps/s
step 17,900/90,000  loss 4.8109  (presence 2.5604  position 2.2505)  lr 3.64e-04  29.8 steps/s
step 18,000/90,000  loss 4.8116  (presence 2.5620  position 2.2496)  lr 3.63e-04  29.0 steps/s
step 18,100/90,000  loss 4.8205  (presence 2.5652  position 2.2553)  lr 3.63e-04  28.3 steps/s
step 18,200/90,000  loss 4.8175  (presence 2.5645  position 2.2530)  lr 3.63e-04  27.6 steps/s
step 18,300/90,000  loss 4.8114  (presence 2.5614  position 2.2500)  lr 3.62e-04  27.0 steps/s
step 18,400/90,000  loss 4.8145  (presence 2.5628  position 2.2517)  lr 3.62e-04  26.4 steps/s
step 18,500/90,000  loss 4.8141  (presence 2.5624  position 2.2517)  lr 3.61e-04  25.8 steps/s
step 18,600/90,000  loss 4.8126  (presence 2.5629  position 2.2497)  lr 3.61e-04  25.3 steps/s
step 18,700/90,000  loss 4.8053  (presence 2.5581  position 2.2472)  lr 3.61e-04  24.8 steps/s
step 18,800/90,000  loss 4.8089  (presence 2.5607  position 2.2481)  lr 3.60e-04  24.3 steps/s
step 18,900/90,000  loss 4.8023  (presence 2.5579  position 2.2444)  lr 3.60e-04  23.8 steps/s
step 19,000/90,000  loss 4.8063  (presence 2.5594  position 2.2469)  lr 3.59e-04  23.4 steps/s
step 19,100/90,000  loss 4.8019  (presence 2.5576  position 2.2443)  lr 3.59e-04  23.0 steps/s
step 19,200/90,000  loss 4.8096  (presence 2.5611  position 2.2485)  lr 3.58e-04  22.6 steps/s
step 19,300/90,000  loss 4.8065  (presence 2.5589  position 2.2476)  lr 3.58e-04  22.2 steps/s
step 19,400/90,000  loss 4.8085  (presence 2.5606  position 2.2479)  lr 3.58e-04  21.8 steps/s
step 19,500/90,000  loss 4.8042  (presence 2.5594  position 2.2447)  lr 3.57e-04  21.5 steps/s
step 19,600/90,000  loss 4.8076  (presence 2.5613  position 2.2464)  lr 3.57e-04  21.1 steps/s
step 19,700/90,000  loss 4.8057  (presence 2.5597  position 2.2460)  lr 3.56e-04  20.8 steps/s
step 19,800/90,000  loss 4.8064  (presence 2.5599  position 2.2464)  lr 3.56e-04  20.5 steps/s
step 19,900/90,000  loss 4.8067  (presence 2.5589  position 2.2478)  lr 3.55e-04  20.2 steps/s
step 20,000/90,000  loss 4.8056  (presence 2.5599  position 2.2457)  lr 3.55e-04  19.9 steps/s
  eval @ 20,000: win rate 62.20%  mean wrong 3.889  <- best, checkpointed
step 20,100/90,000  loss 4.8045  (presence 2.5594  position 2.2451)  lr 3.55e-04  19.6 steps/s
step 20,200/90,000  loss 4.7972  (presence 2.5564  position 2.2408)  lr 3.54e-04  19.3 steps/s
step 20,300/90,000  loss 4.7931  (presence 2.5550  position 2.2381)  lr 3.54e-04  19.1 steps/s
step 20,400/90,000  loss 4.7992  (presence 2.5567  position 2.2425)  lr 3.53e-04  18.8 steps/s
step 20,500/90,000  loss 4.8096  (presence 2.5624  position 2.2472)  lr 3.53e-04  18.6 steps/s
step 20,600/90,000  loss 4.8054  (presence 2.5588  position 2.2466)  lr 3.52e-04  18.4 steps/s
step 20,700/90,000  loss 4.8057  (presence 2.5592  position 2.2465)  lr 3.52e-04  18.1 steps/s
step 20,800/90,000  loss 4.7998  (presence 2.5564  position 2.2434)  lr 3.51e-04  17.9 steps/s
step 20,900/90,000  loss 4.7996  (presence 2.5577  position 2.2420)  lr 3.51e-04  17.7 steps/s
step 21,000/90,000  loss 4.8096  (presence 2.5610  position 2.2486)  lr 3.50e-04  17.5 steps/s
step 21,100/90,000  loss 4.8038  (presence 2.5586  position 2.2452)  lr 3.50e-04  17.3 steps/s
step 21,200/90,000  loss 4.8011  (presence 2.5575  position 2.2436)  lr 3.49e-04  17.1 steps/s
step 21,300/90,000  loss 4.7972  (presence 2.5552  position 2.2421)  lr 3.49e-04  16.9 steps/s
step 21,400/90,000  loss 4.7971  (presence 2.5564  position 2.2407)  lr 3.49e-04  16.8 steps/s
step 21,500/90,000  loss 4.7953  (presence 2.5552  position 2.2402)  lr 3.48e-04  16.6 steps/s
step 21,600/90,000  loss 4.8025  (presence 2.5594  position 2.2431)  lr 3.48e-04  16.4 steps/s
step 21,700/90,000  loss 4.7973  (presence 2.5559  position 2.2414)  lr 3.47e-04  16.3 steps/s
step 21,800/90,000  loss 4.7931  (presence 2.5549  position 2.2382)  lr 3.47e-04  16.1 steps/s
step 21,900/90,000  loss 4.8022  (presence 2.5585  position 2.2437)  lr 3.46e-04  15.9 steps/s
step 22,000/90,000  loss 4.7974  (presence 2.5561  position 2.2414)  lr 3.46e-04  15.8 steps/s
step 22,100/90,000  loss 4.7955  (presence 2.5555  position 2.2400)  lr 3.45e-04  15.6 steps/s
step 22,200/90,000  loss 4.7890  (presence 2.5521  position 2.2368)  lr 3.45e-04  15.5 steps/s
step 22,300/90,000  loss 4.8031  (presence 2.5587  position 2.2444)  lr 3.44e-04  15.4 steps/s
step 22,400/90,000  loss 4.7998  (presence 2.5563  position 2.2435)  lr 3.44e-04  15.2 steps/s
step 22,500/90,000  loss 4.7953  (presence 2.5546  position 2.2407)  lr 3.43e-04  15.1 steps/s
  eval @ 22,500: win rate 63.65%  mean wrong 3.874  <- best, checkpointed
step 22,600/90,000  loss 4.7918  (presence 2.5540  position 2.2378)  lr 3.43e-04  15.0 steps/s
step 22,700/90,000  loss 4.7977  (presence 2.5564  position 2.2413)  lr 3.42e-04  14.8 steps/s
step 22,800/90,000  loss 4.7978  (presence 2.5551  position 2.2427)  lr 3.42e-04  14.7 steps/s
step 22,900/90,000  loss 4.7995  (presence 2.5584  position 2.2411)  lr 3.41e-04  14.6 steps/s
step 23,000/90,000  loss 4.7857  (presence 2.5493  position 2.2364)  lr 3.41e-04  14.5 steps/s
step 23,100/90,000  loss 4.7977  (presence 2.5560  position 2.2417)  lr 3.40e-04  14.4 steps/s
step 23,200/90,000  loss 4.7923  (presence 2.5518  position 2.2405)  lr 3.40e-04  14.3 steps/s
step 23,300/90,000  loss 4.7918  (presence 2.5536  position 2.2382)  lr 3.39e-04  14.1 steps/s
step 23,400/90,000  loss 4.8011  (presence 2.5576  position 2.2435)  lr 3.39e-04  14.0 steps/s
step 23,500/90,000  loss 4.7805  (presence 2.5478  position 2.2327)  lr 3.38e-04  13.9 steps/s
step 23,600/90,000  loss 4.7885  (presence 2.5539  position 2.2346)  lr 3.38e-04  13.8 steps/s
step 23,700/90,000  loss 4.8003  (presence 2.5568  position 2.2434)  lr 3.37e-04  13.8 steps/s
step 23,800/90,000  loss 4.7870  (presence 2.5529  position 2.2342)  lr 3.37e-04  13.7 steps/s
step 23,900/90,000  loss 4.7915  (presence 2.5521  position 2.2393)  lr 3.36e-04  13.6 steps/s
step 24,000/90,000  loss 4.7838  (presence 2.5500  position 2.2337)  lr 3.36e-04  13.5 steps/s
step 24,100/90,000  loss 4.7919  (presence 2.5539  position 2.2381)  lr 3.35e-04  13.4 steps/s
step 24,200/90,000  loss 4.7919  (presence 2.5550  position 2.2369)  lr 3.35e-04  13.3 steps/s
step 24,300/90,000  loss 4.7863  (presence 2.5511  position 2.2353)  lr 3.34e-04  13.2 steps/s
step 24,400/90,000  loss 4.7895  (presence 2.5526  position 2.2370)  lr 3.34e-04  13.1 steps/s
step 24,500/90,000  loss 4.7861  (presence 2.5512  position 2.2349)  lr 3.33e-04  13.0 steps/s
step 24,600/90,000  loss 4.7795  (presence 2.5475  position 2.2319)  lr 3.33e-04  13.0 steps/s
step 24,700/90,000  loss 4.7864  (presence 2.5501  position 2.2363)  lr 3.32e-04  12.9 steps/s
step 24,800/90,000  loss 4.7844  (presence 2.5502  position 2.2342)  lr 3.32e-04  12.8 steps/s
step 24,900/90,000  loss 4.7804  (presence 2.5487  position 2.2316)  lr 3.31e-04  12.7 steps/s
step 25,000/90,000  loss 4.7820  (presence 2.5503  position 2.2318)  lr 3.30e-04  12.7 steps/s
  eval @ 25,000: win rate 62.95%  mean wrong 3.866
step 25,100/90,000  loss 4.7844  (presence 2.5500  position 2.2344)  lr 3.30e-04  12.6 steps/s
step 25,200/90,000  loss 4.7855  (presence 2.5514  position 2.2340)  lr 3.29e-04  12.5 steps/s
step 25,300/90,000  loss 4.7820  (presence 2.5492  position 2.2328)  lr 3.29e-04  12.4 steps/s
step 25,400/90,000  loss 4.7814  (presence 2.5500  position 2.2314)  lr 3.28e-04  12.4 steps/s
step 25,500/90,000  loss 4.7835  (presence 2.5507  position 2.2328)  lr 3.28e-04  12.3 steps/s
step 25,600/90,000  loss 4.7797  (presence 2.5482  position 2.2315)  lr 3.27e-04  12.2 steps/s
step 25,700/90,000  loss 4.7822  (presence 2.5493  position 2.2328)  lr 3.27e-04  12.2 steps/s
step 25,800/90,000  loss 4.7830  (presence 2.5505  position 2.2325)  lr 3.26e-04  12.1 steps/s
step 25,900/90,000  loss 4.7779  (presence 2.5475  position 2.2305)  lr 3.26e-04  12.0 steps/s
step 26,000/90,000  loss 4.7876  (presence 2.5512  position 2.2364)  lr 3.25e-04  12.0 steps/s
step 26,100/90,000  loss 4.7873  (presence 2.5518  position 2.2355)  lr 3.25e-04  11.9 steps/s
step 26,200/90,000  loss 4.7821  (presence 2.5490  position 2.2331)  lr 3.24e-04  11.9 steps/s
step 26,300/90,000  loss 4.7749  (presence 2.5457  position 2.2292)  lr 3.23e-04  11.8 steps/s
step 26,400/90,000  loss 4.7830  (presence 2.5488  position 2.2342)  lr 3.23e-04  11.7 steps/s
step 26,500/90,000  loss 4.7764  (presence 2.5468  position 2.2297)  lr 3.22e-04  11.7 steps/s
step 26,600/90,000  loss 4.7778  (presence 2.5490  position 2.2288)  lr 3.22e-04  11.6 steps/s
step 26,700/90,000  loss 4.7771  (presence 2.5469  position 2.2301)  lr 3.21e-04  11.6 steps/s
step 26,800/90,000  loss 4.7793  (presence 2.5479  position 2.2314)  lr 3.21e-04  11.5 steps/s
step 26,900/90,000  loss 4.7771  (presence 2.5490  position 2.2280)  lr 3.20e-04  11.5 steps/s
step 27,000/90,000  loss 4.7756  (presence 2.5468  position 2.2288)  lr 3.20e-04  11.4 steps/s
step 27,100/90,000  loss 4.7793  (presence 2.5478  position 2.2315)  lr 3.19e-04  11.4 steps/s
step 27,200/90,000  loss 4.7703  (presence 2.5442  position 2.2261)  lr 3.18e-04  11.3 steps/s
step 27,300/90,000  loss 4.7734  (presence 2.5475  position 2.2259)  lr 3.18e-04  11.3 steps/s
step 27,400/90,000  loss 4.7732  (presence 2.5470  position 2.2262)  lr 3.17e-04  11.2 steps/s
step 27,500/90,000  loss 4.7825  (presence 2.5486  position 2.2340)  lr 3.17e-04  11.2 steps/s
  eval @ 27,500: win rate 63.45%  mean wrong 3.818
step 27,600/90,000  loss 4.7742  (presence 2.5476  position 2.2267)  lr 3.16e-04  11.1 steps/s
step 27,700/90,000  loss 4.7804  (presence 2.5493  position 2.2310)  lr 3.16e-04  11.1 steps/s
step 27,800/90,000  loss 4.7751  (presence 2.5474  position 2.2277)  lr 3.15e-04  11.0 steps/s
step 27,900/90,000  loss 4.7726  (presence 2.5458  position 2.2268)  lr 3.14e-04  11.0 steps/s
step 28,000/90,000  loss 4.7769  (presence 2.5477  position 2.2292)  lr 3.14e-04  11.0 steps/s
step 28,100/90,000  loss 4.7648  (presence 2.5423  position 2.2225)  lr 3.13e-04  10.9 steps/s
step 28,200/90,000  loss 4.7817  (presence 2.5508  position 2.2309)  lr 3.13e-04  10.9 steps/s
step 28,300/90,000  loss 4.7694  (presence 2.5445  position 2.2249)  lr 3.12e-04  10.8 steps/s
step 28,400/90,000  loss 4.7661  (presence 2.5432  position 2.2229)  lr 3.12e-04  10.8 steps/s
step 28,500/90,000  loss 4.7684  (presence 2.5443  position 2.2241)  lr 3.11e-04  10.7 steps/s
step 28,600/90,000  loss 4.7700  (presence 2.5443  position 2.2257)  lr 3.10e-04  10.7 steps/s
step 28,700/90,000  loss 4.7747  (presence 2.5460  position 2.2287)  lr 3.10e-04  10.7 steps/s
step 28,800/90,000  loss 4.7743  (presence 2.5464  position 2.2279)  lr 3.09e-04  10.6 steps/s
step 28,900/90,000  loss 4.7778  (presence 2.5465  position 2.2313)  lr 3.09e-04  10.6 steps/s
step 29,000/90,000  loss 4.7752  (presence 2.5471  position 2.2281)  lr 3.08e-04  10.6 steps/s
step 29,100/90,000  loss 4.7693  (presence 2.5446  position 2.2247)  lr 3.07e-04  10.5 steps/s
step 29,200/90,000  loss 4.7760  (presence 2.5484  position 2.2276)  lr 3.07e-04  10.5 steps/s
step 29,300/90,000  loss 4.7751  (presence 2.5449  position 2.2302)  lr 3.06e-04  10.4 steps/s
step 29,400/90,000  loss 4.7672  (presence 2.5438  position 2.2234)  lr 3.06e-04  10.4 steps/s
step 29,500/90,000  loss 4.7649  (presence 2.5402  position 2.2247)  lr 3.05e-04  10.4 steps/s
step 29,600/90,000  loss 4.7772  (presence 2.5468  position 2.2304)  lr 3.04e-04  10.3 steps/s
step 29,700/90,000  loss 4.7651  (presence 2.5436  position 2.2215)  lr 3.04e-04  10.3 steps/s
step 29,800/90,000  loss 4.7761  (presence 2.5461  position 2.2300)  lr 3.03e-04  10.3 steps/s
step 29,900/90,000  loss 4.7714  (presence 2.5445  position 2.2269)  lr 3.03e-04  10.2 steps/s
step 30,000/90,000  loss 4.7727  (presence 2.5471  position 2.2256)  lr 3.02e-04  10.2 steps/s
  eval @ 30,000: win rate 64.80%  mean wrong 3.775  <- best, checkpointed
step 30,100/90,000  loss 4.7820  (presence 2.5490  position 2.2330)  lr 3.01e-04  10.2 steps/s
step 30,200/90,000  loss 4.7914  (presence 2.5542  position 2.2373)  lr 3.01e-04  10.1 steps/s
step 30,300/90,000  loss 4.7852  (presence 2.5517  position 2.2335)  lr 3.00e-04  10.1 steps/s
step 30,400/90,000  loss 4.7879  (presence 2.5539  position 2.2341)  lr 3.00e-04  10.1 steps/s
step 30,500/90,000  loss 4.7799  (presence 2.5483  position 2.2316)  lr 2.99e-04  10.0 steps/s
step 30,600/90,000  loss 4.7880  (presence 2.5523  position 2.2357)  lr 2.98e-04  10.0 steps/s
step 30,700/90,000  loss 4.7853  (presence 2.5518  position 2.2335)  lr 2.98e-04  10.0 steps/s
step 30,800/90,000  loss 4.7872  (presence 2.5503  position 2.2370)  lr 2.97e-04  10.0 steps/s
step 30,900/90,000  loss 4.7891  (presence 2.5522  position 2.2369)  lr 2.97e-04  9.9 steps/s
step 31,000/90,000  loss 4.7843  (presence 2.5521  position 2.2322)  lr 2.96e-04  9.9 steps/s
step 31,100/90,000  loss 4.7819  (presence 2.5509  position 2.2310)  lr 2.95e-04  9.9 steps/s
step 31,200/90,000  loss 4.7878  (presence 2.5540  position 2.2338)  lr 2.95e-04  9.8 steps/s
step 31,300/90,000  loss 4.7789  (presence 2.5505  position 2.2284)  lr 2.94e-04  9.8 steps/s
step 31,400/90,000  loss 4.7781  (presence 2.5473  position 2.2308)  lr 2.93e-04  9.8 steps/s
step 31,500/90,000  loss 4.7794  (presence 2.5485  position 2.2310)  lr 2.93e-04  9.8 steps/s
step 31,600/90,000  loss 4.7819  (presence 2.5500  position 2.2319)  lr 2.92e-04  9.7 steps/s
step 31,700/90,000  loss 4.7814  (presence 2.5496  position 2.2318)  lr 2.92e-04  9.7 steps/s
step 31,800/90,000  loss 4.7860  (presence 2.5518  position 2.2342)  lr 2.91e-04  9.7 steps/s
step 31,900/90,000  loss 4.7788  (presence 2.5483  position 2.2305)  lr 2.90e-04  9.6 steps/s
step 32,000/90,000  loss 4.7809  (presence 2.5506  position 2.2303)  lr 2.90e-04  9.6 steps/s
step 32,100/90,000  loss 4.7766  (presence 2.5495  position 2.2271)  lr 2.89e-04  9.6 steps/s
step 32,200/90,000  loss 4.7858  (presence 2.5515  position 2.2343)  lr 2.88e-04  9.6 steps/s
step 32,300/90,000  loss 4.7771  (presence 2.5484  position 2.2287)  lr 2.88e-04  9.5 steps/s
step 32,400/90,000  loss 4.7842  (presence 2.5512  position 2.2330)  lr 2.87e-04  9.5 steps/s
step 32,500/90,000  loss 4.7819  (presence 2.5501  position 2.2317)  lr 2.87e-04  9.5 steps/s
  eval @ 32,500: win rate 65.30%  mean wrong 3.735  <- best, checkpointed
step 32,600/90,000  loss 4.7789  (presence 2.5506  position 2.2282)  lr 2.86e-04  9.5 steps/s
step 32,700/90,000  loss 4.7882  (presence 2.5535  position 2.2347)  lr 2.85e-04  9.4 steps/s
step 32,800/90,000  loss 4.7830  (presence 2.5521  position 2.2310)  lr 2.85e-04  9.4 steps/s
step 32,900/90,000  loss 4.7795  (presence 2.5497  position 2.2297)  lr 2.84e-04  9.4 steps/s
step 33,000/90,000  loss 4.7800  (presence 2.5508  position 2.2292)  lr 2.83e-04  9.4 steps/s
step 33,100/90,000  loss 4.7767  (presence 2.5488  position 2.2279)  lr 2.83e-04  9.4 steps/s
step 33,200/90,000  loss 4.7784  (presence 2.5507  position 2.2278)  lr 2.82e-04  9.3 steps/s
step 33,300/90,000  loss 4.7781  (presence 2.5488  position 2.2293)  lr 2.81e-04  9.3 steps/s
step 33,400/90,000  loss 4.7803  (presence 2.5505  position 2.2298)  lr 2.81e-04  9.3 steps/s
step 33,500/90,000  loss 4.7761  (presence 2.5476  position 2.2284)  lr 2.80e-04  9.3 steps/s
step 33,600/90,000  loss 4.7733  (presence 2.5467  position 2.2266)  lr 2.80e-04  9.2 steps/s
step 33,700/90,000  loss 4.7728  (presence 2.5469  position 2.2259)  lr 2.79e-04  9.2 steps/s
step 33,800/90,000  loss 4.7850  (presence 2.5527  position 2.2323)  lr 2.78e-04  9.2 steps/s
step 33,900/90,000  loss 4.7832  (presence 2.5523  position 2.2308)  lr 2.78e-04  9.2 steps/s
step 34,000/90,000  loss 4.7817  (presence 2.5511  position 2.2306)  lr 2.77e-04  9.2 steps/s
step 34,100/90,000  loss 4.7766  (presence 2.5475  position 2.2290)  lr 2.76e-04  9.1 steps/s
step 34,200/90,000  loss 4.7729  (presence 2.5456  position 2.2273)  lr 2.76e-04  9.1 steps/s
step 34,300/90,000  loss 4.7807  (presence 2.5510  position 2.2297)  lr 2.75e-04  9.1 steps/s
step 34,400/90,000  loss 4.7741  (presence 2.5469  position 2.2272)  lr 2.74e-04  9.1 steps/s
step 34,500/90,000  loss 4.7722  (presence 2.5468  position 2.2254)  lr 2.74e-04  9.1 steps/s
step 34,600/90,000  loss 4.7772  (presence 2.5489  position 2.2282)  lr 2.73e-04  9.0 steps/s
step 34,700/90,000  loss 4.7727  (presence 2.5466  position 2.2261)  lr 2.72e-04  9.0 steps/s
step 34,800/90,000  loss 4.7822  (presence 2.5509  position 2.2313)  lr 2.72e-04  9.0 steps/s
step 34,900/90,000  loss 4.7771  (presence 2.5482  position 2.2289)  lr 2.71e-04  9.0 steps/s
step 35,000/90,000  loss 4.7690  (presence 2.5450  position 2.2240)  lr 2.70e-04  9.0 steps/s
  eval @ 35,000: win rate 65.35%  mean wrong 3.696  <- best, checkpointed
step 35,100/90,000  loss 4.7756  (presence 2.5496  position 2.2261)  lr 2.70e-04  8.9 steps/s
step 35,200/90,000  loss 4.7735  (presence 2.5478  position 2.2257)  lr 2.69e-04  8.9 steps/s
step 35,300/90,000  loss 4.7743  (presence 2.5471  position 2.2272)  lr 2.68e-04  8.9 steps/s
step 35,400/90,000  loss 4.7707  (presence 2.5461  position 2.2246)  lr 2.68e-04  8.9 steps/s
step 35,500/90,000  loss 4.7754  (presence 2.5475  position 2.2279)  lr 2.67e-04  8.9 steps/s
step 35,600/90,000  loss 4.7726  (presence 2.5463  position 2.2263)  lr 2.66e-04  8.8 steps/s
step 35,700/90,000  loss 4.7756  (presence 2.5486  position 2.2269)  lr 2.66e-04  8.8 steps/s
step 35,800/90,000  loss 4.7719  (presence 2.5475  position 2.2244)  lr 2.65e-04  8.8 steps/s
step 35,900/90,000  loss 4.7738  (presence 2.5477  position 2.2260)  lr 2.64e-04  8.8 steps/s
step 36,000/90,000  loss 4.7782  (presence 2.5504  position 2.2278)  lr 2.64e-04  8.8 steps/s
step 36,100/90,000  loss 4.7764  (presence 2.5493  position 2.2271)  lr 2.63e-04  8.8 steps/s
step 36,200/90,000  loss 4.7722  (presence 2.5460  position 2.2263)  lr 2.62e-04  8.7 steps/s
step 36,300/90,000  loss 4.7737  (presence 2.5485  position 2.2252)  lr 2.62e-04  8.7 steps/s
step 36,400/90,000  loss 4.7709  (presence 2.5452  position 2.2258)  lr 2.61e-04  8.7 steps/s
step 36,500/90,000  loss 4.7745  (presence 2.5485  position 2.2260)  lr 2.60e-04  8.7 steps/s
step 36,600/90,000  loss 4.7660  (presence 2.5446  position 2.2214)  lr 2.60e-04  8.7 steps/s
step 36,700/90,000  loss 4.7739  (presence 2.5469  position 2.2271)  lr 2.59e-04  8.7 steps/s
step 36,800/90,000  loss 4.7690  (presence 2.5470  position 2.2220)  lr 2.58e-04  8.6 steps/s
step 36,900/90,000  loss 4.7675  (presence 2.5438  position 2.2237)  lr 2.58e-04  8.6 steps/s
step 37,000/90,000  loss 4.7766  (presence 2.5504  position 2.2262)  lr 2.57e-04  8.6 steps/s
step 37,100/90,000  loss 4.7787  (presence 2.5498  position 2.2289)  lr 2.56e-04  8.6 steps/s
step 37,200/90,000  loss 4.7672  (presence 2.5465  position 2.2207)  lr 2.56e-04  8.6 steps/s
step 37,300/90,000  loss 4.7742  (presence 2.5487  position 2.2255)  lr 2.55e-04  8.6 steps/s
step 37,400/90,000  loss 4.7713  (presence 2.5466  position 2.2247)  lr 2.54e-04  8.6 steps/s
step 37,500/90,000  loss 4.7728  (presence 2.5476  position 2.2252)  lr 2.54e-04  8.5 steps/s
  eval @ 37,500: win rate 65.70%  mean wrong 3.709  <- best, checkpointed
step 37,600/90,000  loss 4.7729  (presence 2.5473  position 2.2256)  lr 2.53e-04  8.5 steps/s
step 37,700/90,000  loss 4.7651  (presence 2.5425  position 2.2226)  lr 2.52e-04  8.5 steps/s
step 37,800/90,000  loss 4.7719  (presence 2.5473  position 2.2245)  lr 2.52e-04  8.5 steps/s
step 37,900/90,000  loss 4.7652  (presence 2.5417  position 2.2235)  lr 2.51e-04  8.5 steps/s
step 38,000/90,000  loss 4.7673  (presence 2.5464  position 2.2209)  lr 2.50e-04  8.5 steps/s
step 38,100/90,000  loss 4.7783  (presence 2.5494  position 2.2288)  lr 2.50e-04  8.4 steps/s
step 38,200/90,000  loss 4.7697  (presence 2.5469  position 2.2227)  lr 2.49e-04  8.4 steps/s
step 38,300/90,000  loss 4.7696  (presence 2.5468  position 2.2227)  lr 2.48e-04  8.4 steps/s
step 38,400/90,000  loss 4.7667  (presence 2.5444  position 2.2222)  lr 2.48e-04  8.4 steps/s
step 38,500/90,000  loss 4.7655  (presence 2.5444  position 2.2211)  lr 2.47e-04  8.4 steps/s
step 38,600/90,000  loss 4.7657  (presence 2.5451  position 2.2207)  lr 2.46e-04  8.4 steps/s
step 38,700/90,000  loss 4.7695  (presence 2.5448  position 2.2247)  lr 2.46e-04  8.4 steps/s
step 38,800/90,000  loss 4.7613  (presence 2.5412  position 2.2201)  lr 2.45e-04  8.4 steps/s
step 38,900/90,000  loss 4.7678  (presence 2.5473  position 2.2204)  lr 2.44e-04  8.3 steps/s
step 39,000/90,000  loss 4.7639  (presence 2.5411  position 2.2227)  lr 2.44e-04  8.3 steps/s
step 39,100/90,000  loss 4.7688  (presence 2.5455  position 2.2232)  lr 2.43e-04  8.3 steps/s
step 39,200/90,000  loss 4.7653  (presence 2.5446  position 2.2208)  lr 2.42e-04  8.3 steps/s
step 39,300/90,000  loss 4.7693  (presence 2.5459  position 2.2233)  lr 2.41e-04  8.3 steps/s
step 39,400/90,000  loss 4.7723  (presence 2.5472  position 2.2251)  lr 2.41e-04  8.3 steps/s
step 39,500/90,000  loss 4.7647  (presence 2.5438  position 2.2209)  lr 2.40e-04  8.3 steps/s
step 39,600/90,000  loss 4.7637  (presence 2.5436  position 2.2201)  lr 2.39e-04  8.2 steps/s
step 39,700/90,000  loss 4.7652  (presence 2.5441  position 2.2210)  lr 2.39e-04  8.2 steps/s
step 39,800/90,000  loss 4.7612  (presence 2.5429  position 2.2183)  lr 2.38e-04  8.2 steps/s
step 39,900/90,000  loss 4.7741  (presence 2.5478  position 2.2263)  lr 2.37e-04  8.2 steps/s
step 40,000/90,000  loss 4.7732  (presence 2.5494  position 2.2239)  lr 2.37e-04  8.2 steps/s
  eval @ 40,000: win rate 65.35%  mean wrong 3.687
step 40,100/90,000  loss 4.7662  (presence 2.5450  position 2.2211)  lr 2.36e-04  8.2 steps/s
step 40,200/90,000  loss 4.7608  (presence 2.5427  position 2.2181)  lr 2.35e-04  8.2 steps/s
step 40,300/90,000  loss 4.7624  (presence 2.5437  position 2.2187)  lr 2.35e-04  8.2 steps/s
step 40,400/90,000  loss 4.7703  (presence 2.5467  position 2.2235)  lr 2.34e-04  8.2 steps/s
step 40,500/90,000  loss 4.7578  (presence 2.5416  position 2.2162)  lr 2.33e-04  8.1 steps/s
step 40,600/90,000  loss 4.7615  (presence 2.5409  position 2.2206)  lr 2.33e-04  8.1 steps/s
step 40,700/90,000  loss 4.7732  (presence 2.5480  position 2.2252)  lr 2.32e-04  8.1 steps/s
step 40,800/90,000  loss 4.7577  (presence 2.5421  position 2.2156)  lr 2.31e-04  8.1 steps/s
step 40,900/90,000  loss 4.7609  (presence 2.5410  position 2.2198)  lr 2.30e-04  8.1 steps/s
step 41,000/90,000  loss 4.7662  (presence 2.5449  position 2.2213)  lr 2.30e-04  8.1 steps/s
step 41,100/90,000  loss 4.7635  (presence 2.5432  position 2.2204)  lr 2.29e-04  8.1 steps/s
step 41,200/90,000  loss 4.7682  (presence 2.5470  position 2.2213)  lr 2.28e-04  8.1 steps/s
step 41,300/90,000  loss 4.7678  (presence 2.5468  position 2.2210)  lr 2.28e-04  8.0 steps/s
step 41,400/90,000  loss 4.7643  (presence 2.5425  position 2.2218)  lr 2.27e-04  8.0 steps/s
step 41,500/90,000  loss 4.7576  (presence 2.5407  position 2.2169)  lr 2.26e-04  8.0 steps/s
step 41,600/90,000  loss 4.7655  (presence 2.5446  position 2.2209)  lr 2.26e-04  8.0 steps/s
step 41,700/90,000  loss 4.7642  (presence 2.5446  position 2.2196)  lr 2.25e-04  8.0 steps/s
step 41,800/90,000  loss 4.7601  (presence 2.5419  position 2.2182)  lr 2.24e-04  8.0 steps/s
step 41,900/90,000  loss 4.7646  (presence 2.5431  position 2.2215)  lr 2.23e-04  8.0 steps/s
step 42,000/90,000  loss 4.7646  (presence 2.5455  position 2.2192)  lr 2.23e-04  8.0 steps/s
step 42,100/90,000  loss 4.7587  (presence 2.5399  position 2.2188)  lr 2.22e-04  8.0 steps/s
step 42,200/90,000  loss 4.7596  (presence 2.5441  position 2.2156)  lr 2.21e-04  8.0 steps/s
step 42,300/90,000  loss 4.7651  (presence 2.5457  position 2.2194)  lr 2.21e-04  7.9 steps/s
step 42,400/90,000  loss 4.7610  (presence 2.5432  position 2.2178)  lr 2.20e-04  7.9 steps/s
step 42,500/90,000  loss 4.7636  (presence 2.5427  position 2.2209)  lr 2.19e-04  7.9 steps/s
  eval @ 42,500: win rate 65.35%  mean wrong 3.692
step 42,600/90,000  loss 4.7655  (presence 2.5449  position 2.2206)  lr 2.19e-04  7.9 steps/s
step 42,700/90,000  loss 4.7575  (presence 2.5411  position 2.2164)  lr 2.18e-04  7.9 steps/s
step 42,800/90,000  loss 4.7558  (presence 2.5403  position 2.2155)  lr 2.17e-04  7.9 steps/s
step 42,900/90,000  loss 4.7604  (presence 2.5419  position 2.2185)  lr 2.16e-04  7.9 steps/s
step 43,000/90,000  loss 4.7570  (presence 2.5387  position 2.2183)  lr 2.16e-04  7.9 steps/s
step 43,100/90,000  loss 4.7575  (presence 2.5398  position 2.2177)  lr 2.15e-04  7.9 steps/s
step 43,200/90,000  loss 4.7611  (presence 2.5427  position 2.2184)  lr 2.14e-04  7.9 steps/s
step 43,300/90,000  loss 4.7647  (presence 2.5448  position 2.2199)  lr 2.14e-04  7.8 steps/s
step 43,400/90,000  loss 4.7611  (presence 2.5428  position 2.2183)  lr 2.13e-04  7.8 steps/s
step 43,500/90,000  loss 4.7612  (presence 2.5441  position 2.2171)  lr 2.12e-04  7.8 steps/s
step 43,600/90,000  loss 4.7475  (presence 2.5361  position 2.2114)  lr 2.12e-04  7.8 steps/s
step 43,700/90,000  loss 4.7621  (presence 2.5424  position 2.2196)  lr 2.11e-04  7.8 steps/s
step 43,800/90,000  loss 4.7553  (presence 2.5404  position 2.2148)  lr 2.10e-04  7.8 steps/s
step 43,900/90,000  loss 4.7548  (presence 2.5408  position 2.2140)  lr 2.09e-04  7.8 steps/s
step 44,000/90,000  loss 4.7531  (presence 2.5390  position 2.2141)  lr 2.09e-04  7.8 steps/s
step 44,100/90,000  loss 4.7618  (presence 2.5431  position 2.2187)  lr 2.08e-04  7.8 steps/s
step 44,200/90,000  loss 4.7648  (presence 2.5427  position 2.2221)  lr 2.07e-04  7.8 steps/s
step 44,300/90,000  loss 4.7480  (presence 2.5380  position 2.2100)  lr 2.07e-04  7.8 steps/s
step 44,400/90,000  loss 4.7569  (presence 2.5402  position 2.2167)  lr 2.06e-04  7.7 steps/s
step 44,500/90,000  loss 4.7535  (presence 2.5398  position 2.2136)  lr 2.05e-04  7.7 steps/s
step 44,600/90,000  loss 4.7507  (presence 2.5379  position 2.2129)  lr 2.05e-04  7.7 steps/s
step 44,700/90,000  loss 4.7607  (presence 2.5424  position 2.2183)  lr 2.04e-04  7.7 steps/s
step 44,800/90,000  loss 4.7537  (presence 2.5392  position 2.2145)  lr 2.03e-04  7.7 steps/s
step 44,900/90,000  loss 4.7527  (presence 2.5394  position 2.2133)  lr 2.02e-04  7.7 steps/s
step 45,000/90,000  loss 4.7620  (presence 2.5418  position 2.2201)  lr 2.02e-04  7.7 steps/s
  eval @ 45,000: win rate 65.90%  mean wrong 3.658  <- best, checkpointed
step 45,100/90,000  loss 4.7589  (presence 2.5421  position 2.2168)  lr 2.01e-04  7.7 steps/s
step 45,200/90,000  loss 4.7566  (presence 2.5423  position 2.2143)  lr 2.00e-04  7.7 steps/s
step 45,300/90,000  loss 4.7492  (presence 2.5377  position 2.2115)  lr 2.00e-04  7.7 steps/s
step 45,400/90,000  loss 4.7434  (presence 2.5340  position 2.2095)  lr 1.99e-04  7.7 steps/s
step 45,500/90,000  loss 4.7546  (presence 2.5405  position 2.2142)  lr 1.98e-04  7.6 steps/s
step 45,600/90,000  loss 4.7496  (presence 2.5374  position 2.2122)  lr 1.98e-04  7.6 steps/s
step 45,700/90,000  loss 4.7626  (presence 2.5431  position 2.2195)  lr 1.97e-04  7.6 steps/s
step 45,800/90,000  loss 4.7519  (presence 2.5390  position 2.2129)  lr 1.96e-04  7.6 steps/s
step 45,900/90,000  loss 4.7529  (presence 2.5391  position 2.2139)  lr 1.95e-04  7.6 steps/s
step 46,000/90,000  loss 4.7471  (presence 2.5373  position 2.2098)  lr 1.95e-04  7.6 steps/s
step 46,100/90,000  loss 4.7522  (presence 2.5394  position 2.2128)  lr 1.94e-04  7.6 steps/s
step 46,200/90,000  loss 4.7542  (presence 2.5398  position 2.2144)  lr 1.93e-04  7.6 steps/s
step 46,300/90,000  loss 4.7619  (presence 2.5444  position 2.2175)  lr 1.93e-04  7.6 steps/s
step 46,400/90,000  loss 4.7570  (presence 2.5420  position 2.2150)  lr 1.92e-04  7.6 steps/s
step 46,500/90,000  loss 4.7512  (presence 2.5380  position 2.2132)  lr 1.91e-04  7.6 steps/s
step 46,600/90,000  loss 4.7625  (presence 2.5419  position 2.2206)  lr 1.91e-04  7.6 steps/s
step 46,700/90,000  loss 4.7587  (presence 2.5416  position 2.2171)  lr 1.90e-04  7.5 steps/s
step 46,800/90,000  loss 4.7462  (presence 2.5360  position 2.2103)  lr 1.89e-04  7.5 steps/s
step 46,900/90,000  loss 4.7429  (presence 2.5375  position 2.2054)  lr 1.88e-04  7.5 steps/s
step 47,000/90,000  loss 4.7497  (presence 2.5393  position 2.2105)  lr 1.88e-04  7.5 steps/s
step 47,100/90,000  loss 4.7458  (presence 2.5371  position 2.2086)  lr 1.87e-04  7.5 steps/s
step 47,200/90,000  loss 4.7586  (presence 2.5396  position 2.2190)  lr 1.86e-04  7.5 steps/s
step 47,300/90,000  loss 4.7525  (presence 2.5395  position 2.2130)  lr 1.86e-04  7.5 steps/s
step 47,400/90,000  loss 4.7582  (presence 2.5413  position 2.2169)  lr 1.85e-04  7.5 steps/s
step 47,500/90,000  loss 4.7532  (presence 2.5405  position 2.2127)  lr 1.84e-04  7.5 steps/s
  eval @ 47,500: win rate 67.20%  mean wrong 3.630  <- best, checkpointed
step 47,600/90,000  loss 4.7508  (presence 2.5382  position 2.2126)  lr 1.84e-04  7.5 steps/s
step 47,700/90,000  loss 4.7464  (presence 2.5371  position 2.2093)  lr 1.83e-04  7.5 steps/s
step 47,800/90,000  loss 4.7457  (presence 2.5375  position 2.2082)  lr 1.82e-04  7.5 steps/s
step 47,900/90,000  loss 4.7591  (presence 2.5412  position 2.2180)  lr 1.81e-04  7.4 steps/s
step 48,000/90,000  loss 4.7563  (presence 2.5418  position 2.2145)  lr 1.81e-04  7.4 steps/s
step 48,100/90,000  loss 4.7528  (presence 2.5388  position 2.2140)  lr 1.80e-04  7.4 steps/s
step 48,200/90,000  loss 4.7441  (presence 2.5363  position 2.2078)  lr 1.79e-04  7.4 steps/s
step 48,300/90,000  loss 4.7499  (presence 2.5383  position 2.2115)  lr 1.79e-04  7.4 steps/s
step 48,400/90,000  loss 4.7574  (presence 2.5405  position 2.2169)  lr 1.78e-04  7.4 steps/s
step 48,500/90,000  loss 4.7522  (presence 2.5385  position 2.2137)  lr 1.77e-04  7.4 steps/s
step 48,600/90,000  loss 4.7439  (presence 2.5367  position 2.2072)  lr 1.77e-04  7.4 steps/s
step 48,700/90,000  loss 4.7517  (presence 2.5394  position 2.2123)  lr 1.76e-04  7.4 steps/s
step 48,800/90,000  loss 4.7559  (presence 2.5404  position 2.2155)  lr 1.75e-04  7.4 steps/s
step 48,900/90,000  loss 4.7552  (presence 2.5416  position 2.2135)  lr 1.74e-04  7.4 steps/s
step 49,000/90,000  loss 4.7440  (presence 2.5363  position 2.2077)  lr 1.74e-04  7.4 steps/s
step 49,100/90,000  loss 4.7454  (presence 2.5352  position 2.2102)  lr 1.73e-04  7.4 steps/s
step 49,200/90,000  loss 4.7495  (presence 2.5380  position 2.2115)  lr 1.72e-04  7.3 steps/s
step 49,300/90,000  loss 4.7467  (presence 2.5381  position 2.2086)  lr 1.72e-04  7.3 steps/s
step 49,400/90,000  loss 4.7464  (presence 2.5366  position 2.2098)  lr 1.71e-04  7.3 steps/s
step 49,500/90,000  loss 4.7472  (presence 2.5365  position 2.2107)  lr 1.70e-04  7.3 steps/s
step 49,600/90,000  loss 4.7525  (presence 2.5386  position 2.2139)  lr 1.70e-04  7.3 steps/s
step 49,700/90,000  loss 4.7509  (presence 2.5396  position 2.2113)  lr 1.69e-04  7.3 steps/s
step 49,800/90,000  loss 4.7408  (presence 2.5354  position 2.2054)  lr 1.68e-04  7.3 steps/s
step 49,900/90,000  loss 4.7487  (presence 2.5369  position 2.2119)  lr 1.68e-04  7.3 steps/s
step 50,000/90,000  loss 4.7442  (presence 2.5358  position 2.2084)  lr 1.67e-04  7.3 steps/s
  eval @ 50,000: win rate 67.05%  mean wrong 3.634
step 50,100/90,000  loss 4.7555  (presence 2.5388  position 2.2166)  lr 1.66e-04  7.3 steps/s
step 50,200/90,000  loss 4.7524  (presence 2.5372  position 2.2152)  lr 1.65e-04  7.3 steps/s
step 50,300/90,000  loss 4.7515  (presence 2.5391  position 2.2124)  lr 1.65e-04  7.3 steps/s
step 50,400/90,000  loss 4.7428  (presence 2.5362  position 2.2066)  lr 1.64e-04  7.3 steps/s
step 50,500/90,000  loss 4.7385  (presence 2.5340  position 2.2044)  lr 1.63e-04  7.3 steps/s
step 50,600/90,000  loss 4.7398  (presence 2.5335  position 2.2063)  lr 1.63e-04  7.3 steps/s
step 50,700/90,000  loss 4.7492  (presence 2.5373  position 2.2119)  lr 1.62e-04  7.3 steps/s
step 50,800/90,000  loss 4.7431  (presence 2.5355  position 2.2076)  lr 1.61e-04  7.2 steps/s
step 50,900/90,000  loss 4.7473  (presence 2.5366  position 2.2107)  lr 1.61e-04  7.2 steps/s
step 51,000/90,000  loss 4.7401  (presence 2.5351  position 2.2049)  lr 1.60e-04  7.2 steps/s
step 51,100/90,000  loss 4.7499  (presence 2.5391  position 2.2108)  lr 1.59e-04  7.2 steps/s
step 51,200/90,000  loss 4.7468  (presence 2.5369  position 2.2098)  lr 1.59e-04  7.2 steps/s
step 51,300/90,000  loss 4.7436  (presence 2.5371  position 2.2065)  lr 1.58e-04  7.2 steps/s
step 51,400/90,000  loss 4.7463  (presence 2.5389  position 2.2073)  lr 1.57e-04  7.2 steps/s
step 51,500/90,000  loss 4.7400  (presence 2.5347  position 2.2054)  lr 1.56e-04  7.2 steps/s
step 51,600/90,000  loss 4.7421  (presence 2.5357  position 2.2064)  lr 1.56e-04  7.2 steps/s
step 51,700/90,000  loss 4.7490  (presence 2.5378  position 2.2112)  lr 1.55e-04  7.2 steps/s
step 51,800/90,000  loss 4.7449  (presence 2.5387  position 2.2062)  lr 1.54e-04  7.2 steps/s
step 51,900/90,000  loss 4.7406  (presence 2.5346  position 2.2060)  lr 1.54e-04  7.2 steps/s
step 52,000/90,000  loss 4.7497  (presence 2.5391  position 2.2106)  lr 1.53e-04  7.2 steps/s
step 52,100/90,000  loss 4.7444  (presence 2.5355  position 2.2089)  lr 1.52e-04  7.2 steps/s
step 52,200/90,000  loss 4.7504  (presence 2.5373  position 2.2131)  lr 1.52e-04  7.2 steps/s
step 52,300/90,000  loss 4.7407  (presence 2.5348  position 2.2059)  lr 1.51e-04  7.2 steps/s
step 52,400/90,000  loss 4.7399  (presence 2.5351  position 2.2048)  lr 1.50e-04  7.2 steps/s
step 52,500/90,000  loss 4.7481  (presence 2.5383  position 2.2099)  lr 1.50e-04  7.1 steps/s
  eval @ 52,500: win rate 67.55%  mean wrong 3.601  <- best, checkpointed
step 52,600/90,000  loss 4.7386  (presence 2.5343  position 2.2043)  lr 1.49e-04  7.1 steps/s
step 52,700/90,000  loss 4.7470  (presence 2.5364  position 2.2105)  lr 1.48e-04  7.1 steps/s
step 52,800/90,000  loss 4.7414  (presence 2.5336  position 2.2078)  lr 1.48e-04  7.1 steps/s
step 52,900/90,000  loss 4.7415  (presence 2.5352  position 2.2063)  lr 1.47e-04  7.1 steps/s
step 53,000/90,000  loss 4.7408  (presence 2.5345  position 2.2063)  lr 1.46e-04  7.1 steps/s
step 53,100/90,000  loss 4.7399  (presence 2.5346  position 2.2053)  lr 1.46e-04  7.1 steps/s
step 53,200/90,000  loss 4.7442  (presence 2.5351  position 2.2091)  lr 1.45e-04  7.1 steps/s
step 53,300/90,000  loss 4.7439  (presence 2.5356  position 2.2083)  lr 1.44e-04  7.1 steps/s
step 53,400/90,000  loss 4.7393  (presence 2.5338  position 2.2055)  lr 1.44e-04  7.1 steps/s
step 53,500/90,000  loss 4.7460  (presence 2.5371  position 2.2089)  lr 1.43e-04  7.1 steps/s
step 53,600/90,000  loss 4.7365  (presence 2.5350  position 2.2014)  lr 1.42e-04  7.1 steps/s
step 53,700/90,000  loss 4.7414  (presence 2.5334  position 2.2081)  lr 1.42e-04  7.1 steps/s
step 53,800/90,000  loss 4.7423  (presence 2.5336  position 2.2087)  lr 1.41e-04  7.1 steps/s
step 53,900/90,000  loss 4.7388  (presence 2.5352  position 2.2036)  lr 1.40e-04  7.1 steps/s
step 54,000/90,000  loss 4.7354  (presence 2.5320  position 2.2034)  lr 1.40e-04  7.1 steps/s
step 54,100/90,000  loss 4.7491  (presence 2.5387  position 2.2105)  lr 1.39e-04  7.1 steps/s
step 54,200/90,000  loss 4.7368  (presence 2.5320  position 2.2048)  lr 1.38e-04  7.0 steps/s
step 54,300/90,000  loss 4.7395  (presence 2.5338  position 2.2058)  lr 1.38e-04  7.0 steps/s
step 54,400/90,000  loss 4.7426  (presence 2.5358  position 2.2069)  lr 1.37e-04  7.0 steps/s
step 54,500/90,000  loss 4.7379  (presence 2.5333  position 2.2046)  lr 1.36e-04  7.0 steps/s
step 54,600/90,000  loss 4.7425  (presence 2.5363  position 2.2061)  lr 1.36e-04  7.0 steps/s
step 54,700/90,000  loss 4.7401  (presence 2.5360  position 2.2041)  lr 1.35e-04  7.0 steps/s
step 54,800/90,000  loss 4.7414  (presence 2.5340  position 2.2073)  lr 1.34e-04  7.0 steps/s
step 54,900/90,000  loss 4.7389  (presence 2.5340  position 2.2049)  lr 1.34e-04  7.0 steps/s
step 55,000/90,000  loss 4.7396  (presence 2.5338  position 2.2058)  lr 1.33e-04  7.0 steps/s
  eval @ 55,000: win rate 68.40%  mean wrong 3.580  <- best, checkpointed
step 55,100/90,000  loss 4.7425  (presence 2.5353  position 2.2072)  lr 1.32e-04  7.0 steps/s
step 55,200/90,000  loss 4.7485  (presence 2.5375  position 2.2110)  lr 1.32e-04  7.0 steps/s
step 55,300/90,000  loss 4.7472  (presence 2.5367  position 2.2106)  lr 1.31e-04  7.0 steps/s
step 55,400/90,000  loss 4.7357  (presence 2.5320  position 2.2037)  lr 1.30e-04  7.0 steps/s
step 55,500/90,000  loss 4.7356  (presence 2.5337  position 2.2019)  lr 1.30e-04  7.0 steps/s
step 55,600/90,000  loss 4.7451  (presence 2.5359  position 2.2092)  lr 1.29e-04  7.0 steps/s
step 55,700/90,000  loss 4.7398  (presence 2.5358  position 2.2039)  lr 1.28e-04  7.0 steps/s
step 55,800/90,000  loss 4.7342  (presence 2.5312  position 2.2030)  lr 1.28e-04  7.0 steps/s
step 55,900/90,000  loss 4.7410  (presence 2.5349  position 2.2061)  lr 1.27e-04  7.0 steps/s
step 56,000/90,000  loss 4.7367  (presence 2.5343  position 2.2024)  lr 1.26e-04  7.0 steps/s
step 56,100/90,000  loss 4.7410  (presence 2.5333  position 2.2077)  lr 1.26e-04  7.0 steps/s
step 56,200/90,000  loss 4.7406  (presence 2.5353  position 2.2053)  lr 1.25e-04  7.0 steps/s
step 56,300/90,000  loss 4.7432  (presence 2.5378  position 2.2054)  lr 1.24e-04  7.0 steps/s
step 56,400/90,000  loss 4.7411  (presence 2.5348  position 2.2062)  lr 1.24e-04  6.9 steps/s
step 56,500/90,000  loss 4.7457  (presence 2.5361  position 2.2096)  lr 1.23e-04  6.9 steps/s
step 56,600/90,000  loss 4.7367  (presence 2.5346  position 2.2022)  lr 1.22e-04  6.9 steps/s
step 56,700/90,000  loss 4.7428  (presence 2.5344  position 2.2084)  lr 1.22e-04  6.9 steps/s
step 56,800/90,000  loss 4.7406  (presence 2.5345  position 2.2060)  lr 1.21e-04  6.9 steps/s
step 56,900/90,000  loss 4.7362  (presence 2.5340  position 2.2022)  lr 1.20e-04  6.9 steps/s
step 57,000/90,000  loss 4.7337  (presence 2.5312  position 2.2024)  lr 1.20e-04  6.9 steps/s
step 57,100/90,000  loss 4.7410  (presence 2.5356  position 2.2054)  lr 1.19e-04  6.9 steps/s
step 57,200/90,000  loss 4.7377  (presence 2.5336  position 2.2042)  lr 1.19e-04  6.9 steps/s
step 57,300/90,000  loss 4.7393  (presence 2.5347  position 2.2046)  lr 1.18e-04  6.9 steps/s
step 57,400/90,000  loss 4.7306  (presence 2.5305  position 2.2001)  lr 1.17e-04  6.9 steps/s
step 57,500/90,000  loss 4.7350  (presence 2.5335  position 2.2015)  lr 1.17e-04  6.9 steps/s
  eval @ 57,500: win rate 68.15%  mean wrong 3.580
step 57,600/90,000  loss 4.7471  (presence 2.5378  position 2.2093)  lr 1.16e-04  6.9 steps/s
step 57,700/90,000  loss 4.7382  (presence 2.5344  position 2.2038)  lr 1.15e-04  6.9 steps/s
step 57,800/90,000  loss 4.7413  (presence 2.5339  position 2.2073)  lr 1.15e-04  6.9 steps/s
step 57,900/90,000  loss 4.7321  (presence 2.5310  position 2.2011)  lr 1.14e-04  6.9 steps/s
step 58,000/90,000  loss 4.7329  (presence 2.5311  position 2.2018)  lr 1.13e-04  6.9 steps/s
step 58,100/90,000  loss 4.7406  (presence 2.5342  position 2.2063)  lr 1.13e-04  6.9 steps/s
step 58,200/90,000  loss 4.7350  (presence 2.5338  position 2.2013)  lr 1.12e-04  6.9 steps/s
step 58,300/90,000  loss 4.7360  (presence 2.5325  position 2.2035)  lr 1.12e-04  6.9 steps/s
step 58,400/90,000  loss 4.7329  (presence 2.5314  position 2.2015)  lr 1.11e-04  6.9 steps/s
step 58,500/90,000  loss 4.7366  (presence 2.5338  position 2.2028)  lr 1.10e-04  6.9 steps/s
step 58,600/90,000  loss 4.7350  (presence 2.5329  position 2.2021)  lr 1.10e-04  6.9 steps/s
step 58,700/90,000  loss 4.7308  (presence 2.5325  position 2.1983)  lr 1.09e-04  6.9 steps/s
step 58,800/90,000  loss 4.7321  (presence 2.5310  position 2.2011)  lr 1.08e-04  6.9 steps/s
step 58,900/90,000  loss 4.7389  (presence 2.5338  position 2.2051)  lr 1.08e-04  6.8 steps/s
step 59,000/90,000  loss 4.7394  (presence 2.5349  position 2.2045)  lr 1.07e-04  6.8 steps/s
step 59,100/90,000  loss 4.7393  (presence 2.5353  position 2.2040)  lr 1.07e-04  6.8 steps/s
step 59,200/90,000  loss 4.7334  (presence 2.5318  position 2.2016)  lr 1.06e-04  6.8 steps/s
step 59,300/90,000  loss 4.7370  (presence 2.5343  position 2.2027)  lr 1.05e-04  6.8 steps/s
step 59,400/90,000  loss 4.7272  (presence 2.5292  position 2.1980)  lr 1.05e-04  6.8 steps/s
step 59,500/90,000  loss 4.7384  (presence 2.5335  position 2.2050)  lr 1.04e-04  6.8 steps/s
step 59,600/90,000  loss 4.7367  (presence 2.5333  position 2.2034)  lr 1.03e-04  6.8 steps/s
step 59,700/90,000  loss 4.7319  (presence 2.5317  position 2.2002)  lr 1.03e-04  6.8 steps/s
step 59,800/90,000  loss 4.7334  (presence 2.5311  position 2.2023)  lr 1.02e-04  6.8 steps/s
step 59,900/90,000  loss 4.7312  (presence 2.5311  position 2.2001)  lr 1.02e-04  6.8 steps/s
step 60,000/90,000  loss 4.7386  (presence 2.5349  position 2.2037)  lr 1.01e-04  6.8 steps/s
  eval @ 60,000: win rate 67.55%  mean wrong 3.561
step 60,100/90,000  loss 4.7317  (presence 2.5304  position 2.2013)  lr 1.00e-04  6.8 steps/s
step 60,200/90,000  loss 4.7390  (presence 2.5330  position 2.2059)  lr 9.98e-05  6.8 steps/s
step 60,300/90,000  loss 4.7328  (presence 2.5319  position 2.2009)  lr 9.92e-05  6.8 steps/s
step 60,400/90,000  loss 4.7400  (presence 2.5349  position 2.2051)  lr 9.86e-05  6.8 steps/s
step 60,500/90,000  loss 4.7359  (presence 2.5309  position 2.2050)  lr 9.80e-05  6.8 steps/s
step 60,600/90,000  loss 4.7312  (presence 2.5301  position 2.2011)  lr 9.74e-05  6.8 steps/s
step 60,700/90,000  loss 4.7264  (presence 2.5288  position 2.1976)  lr 9.68e-05  6.8 steps/s
step 60,800/90,000  loss 4.7322  (presence 2.5322  position 2.2000)  lr 9.62e-05  6.8 steps/s
step 60,900/90,000  loss 4.7317  (presence 2.5312  position 2.2005)  lr 9.56e-05  6.8 steps/s
step 61,000/90,000  loss 4.7293  (presence 2.5310  position 2.1983)  lr 9.50e-05  6.8 steps/s
step 61,100/90,000  loss 4.7306  (presence 2.5300  position 2.2006)  lr 9.44e-05  6.8 steps/s
step 61,200/90,000  loss 4.7357  (presence 2.5329  position 2.2028)  lr 9.38e-05  6.8 steps/s
step 61,300/90,000  loss 4.7271  (presence 2.5295  position 2.1976)  lr 9.32e-05  6.8 steps/s
step 61,400/90,000  loss 4.7378  (presence 2.5339  position 2.2039)  lr 9.26e-05  6.8 steps/s
step 61,500/90,000  loss 4.7382  (presence 2.5354  position 2.2029)  lr 9.20e-05  6.8 steps/s
step 61,600/90,000  loss 4.7339  (presence 2.5327  position 2.2012)  lr 9.14e-05  6.8 steps/s
step 61,700/90,000  loss 4.7300  (presence 2.5322  position 2.1978)  lr 9.08e-05  6.7 steps/s
step 61,800/90,000  loss 4.7295  (presence 2.5321  position 2.1974)  lr 9.02e-05  6.7 steps/s
step 61,900/90,000  loss 4.7320  (presence 2.5313  position 2.2007)  lr 8.97e-05  6.7 steps/s
step 62,000/90,000  loss 4.7277  (presence 2.5304  position 2.1973)  lr 8.91e-05  6.7 steps/s
step 62,100/90,000  loss 4.7267  (presence 2.5280  position 2.1986)  lr 8.85e-05  6.7 steps/s
step 62,200/90,000  loss 4.7259  (presence 2.5281  position 2.1977)  lr 8.79e-05  6.7 steps/s
step 62,300/90,000  loss 4.7280  (presence 2.5292  position 2.1988)  lr 8.73e-05  6.7 steps/s
step 62,400/90,000  loss 4.7323  (presence 2.5311  position 2.2013)  lr 8.67e-05  6.7 steps/s
step 62,500/90,000  loss 4.7365  (presence 2.5327  position 2.2038)  lr 8.62e-05  6.7 steps/s
  eval @ 62,500: win rate 68.65%  mean wrong 3.541  <- best, checkpointed
step 62,600/90,000  loss 4.7220  (presence 2.5292  position 2.1928)  lr 8.56e-05  6.7 steps/s
step 62,700/90,000  loss 4.7311  (presence 2.5315  position 2.1996)  lr 8.50e-05  6.7 steps/s
step 62,800/90,000  loss 4.7324  (presence 2.5297  position 2.2026)  lr 8.44e-05  6.7 steps/s
step 62,900/90,000  loss 4.7279  (presence 2.5281  position 2.1998)  lr 8.39e-05  6.7 steps/s
step 63,000/90,000  loss 4.7345  (presence 2.5317  position 2.2028)  lr 8.33e-05  6.7 steps/s
step 63,100/90,000  loss 4.7261  (presence 2.5296  position 2.1965)  lr 8.27e-05  6.7 steps/s
step 63,200/90,000  loss 4.7277  (presence 2.5291  position 2.1986)  lr 8.22e-05  6.7 steps/s
step 63,300/90,000  loss 4.7346  (presence 2.5326  position 2.2021)  lr 8.16e-05  6.7 steps/s
step 63,400/90,000  loss 4.7326  (presence 2.5336  position 2.1990)  lr 8.10e-05  6.7 steps/s
step 63,500/90,000  loss 4.7267  (presence 2.5277  position 2.1990)  lr 8.05e-05  6.7 steps/s
step 63,600/90,000  loss 4.7383  (presence 2.5343  position 2.2040)  lr 7.99e-05  6.7 steps/s
step 63,700/90,000  loss 4.7305  (presence 2.5316  position 2.1988)  lr 7.93e-05  6.7 steps/s
step 63,800/90,000  loss 4.7299  (presence 2.5318  position 2.1981)  lr 7.88e-05  6.7 steps/s
step 63,900/90,000  loss 4.7300  (presence 2.5325  position 2.1975)  lr 7.82e-05  6.7 steps/s
step 64,000/90,000  loss 4.7356  (presence 2.5305  position 2.2051)  lr 7.77e-05  6.7 steps/s
step 64,100/90,000  loss 4.7248  (presence 2.5286  position 2.1963)  lr 7.71e-05  6.7 steps/s
step 64,200/90,000  loss 4.7236  (presence 2.5265  position 2.1971)  lr 7.66e-05  6.7 steps/s
step 64,300/90,000  loss 4.7331  (presence 2.5311  position 2.2021)  lr 7.60e-05  6.7 steps/s
step 64,400/90,000  loss 4.7225  (presence 2.5288  position 2.1938)  lr 7.55e-05  6.7 steps/s
step 64,500/90,000  loss 4.7357  (presence 2.5325  position 2.2032)  lr 7.49e-05  6.7 steps/s
step 64,600/90,000  loss 4.7223  (presence 2.5290  position 2.1933)  lr 7.44e-05  6.7 steps/s
step 64,700/90,000  loss 4.7197  (presence 2.5268  position 2.1929)  lr 7.38e-05  6.7 steps/s
step 64,800/90,000  loss 4.7298  (presence 2.5311  position 2.1987)  lr 7.33e-05  6.6 steps/s
step 64,900/90,000  loss 4.7233  (presence 2.5289  position 2.1944)  lr 7.27e-05  6.6 steps/s
step 65,000/90,000  loss 4.7277  (presence 2.5306  position 2.1971)  lr 7.22e-05  6.6 steps/s
  eval @ 65,000: win rate 67.95%  mean wrong 3.549
step 65,100/90,000  loss 4.7298  (presence 2.5303  position 2.1994)  lr 7.17e-05  6.6 steps/s
step 65,200/90,000  loss 4.7209  (presence 2.5281  position 2.1928)  lr 7.11e-05  6.6 steps/s
step 65,300/90,000  loss 4.7271  (presence 2.5292  position 2.1979)  lr 7.06e-05  6.6 steps/s
step 65,400/90,000  loss 4.7200  (presence 2.5275  position 2.1926)  lr 7.00e-05  6.6 steps/s
step 65,500/90,000  loss 4.7281  (presence 2.5293  position 2.1988)  lr 6.95e-05  6.6 steps/s
step 65,600/90,000  loss 4.7300  (presence 2.5312  position 2.1988)  lr 6.90e-05  6.6 steps/s
step 65,700/90,000  loss 4.7273  (presence 2.5293  position 2.1980)  lr 6.85e-05  6.6 steps/s
step 65,800/90,000  loss 4.7265  (presence 2.5297  position 2.1968)  lr 6.79e-05  6.6 steps/s
step 65,900/90,000  loss 4.7245  (presence 2.5305  position 2.1940)  lr 6.74e-05  6.6 steps/s
step 66,000/90,000  loss 4.7258  (presence 2.5307  position 2.1951)  lr 6.69e-05  6.6 steps/s
step 66,100/90,000  loss 4.7253  (presence 2.5300  position 2.1953)  lr 6.64e-05  6.6 steps/s
step 66,200/90,000  loss 4.7208  (presence 2.5283  position 2.1925)  lr 6.58e-05  6.6 steps/s
step 66,300/90,000  loss 4.7258  (presence 2.5282  position 2.1977)  lr 6.53e-05  6.6 steps/s
step 66,400/90,000  loss 4.7261  (presence 2.5302  position 2.1959)  lr 6.48e-05  6.6 steps/s
step 66,500/90,000  loss 4.7236  (presence 2.5280  position 2.1956)  lr 6.43e-05  6.6 steps/s
step 66,600/90,000  loss 4.7290  (presence 2.5312  position 2.1977)  lr 6.38e-05  6.6 steps/s
step 66,700/90,000  loss 4.7259  (presence 2.5295  position 2.1963)  lr 6.32e-05  6.6 steps/s
step 66,800/90,000  loss 4.7190  (presence 2.5252  position 2.1938)  lr 6.27e-05  6.6 steps/s
step 66,900/90,000  loss 4.7289  (presence 2.5309  position 2.1980)  lr 6.22e-05  6.6 steps/s
step 67,000/90,000  loss 4.7252  (presence 2.5276  position 2.1975)  lr 6.17e-05  6.6 steps/s
step 67,100/90,000  loss 4.7318  (presence 2.5304  position 2.2014)  lr 6.12e-05  6.6 steps/s
step 67,200/90,000  loss 4.7211  (presence 2.5280  position 2.1931)  lr 6.07e-05  6.6 steps/s
step 67,300/90,000  loss 4.7281  (presence 2.5305  position 2.1975)  lr 6.02e-05  6.6 steps/s
step 67,400/90,000  loss 4.7177  (presence 2.5271  position 2.1906)  lr 5.97e-05  6.6 steps/s
step 67,500/90,000  loss 4.7200  (presence 2.5255  position 2.1945)  lr 5.92e-05  6.6 steps/s
  eval @ 67,500: win rate 68.50%  mean wrong 3.531
step 67,600/90,000  loss 4.7336  (presence 2.5312  position 2.2024)  lr 5.87e-05  6.6 steps/s
step 67,700/90,000  loss 4.7303  (presence 2.5315  position 2.1988)  lr 5.82e-05  6.6 steps/s
step 67,800/90,000  loss 4.7231  (presence 2.5280  position 2.1951)  lr 5.77e-05  6.6 steps/s
step 67,900/90,000  loss 4.7228  (presence 2.5288  position 2.1939)  lr 5.72e-05  6.6 steps/s
step 68,000/90,000  loss 4.7238  (presence 2.5301  position 2.1936)  lr 5.67e-05  6.6 steps/s
step 68,100/90,000  loss 4.7276  (presence 2.5291  position 2.1986)  lr 5.62e-05  6.5 steps/s
step 68,200/90,000  loss 4.7204  (presence 2.5255  position 2.1949)  lr 5.58e-05  6.5 steps/s
step 68,300/90,000  loss 4.7229  (presence 2.5275  position 2.1954)  lr 5.53e-05  6.5 steps/s
step 68,400/90,000  loss 4.7248  (presence 2.5296  position 2.1952)  lr 5.48e-05  6.5 steps/s
step 68,500/90,000  loss 4.7207  (presence 2.5284  position 2.1923)  lr 5.43e-05  6.5 steps/s
step 68,600/90,000  loss 4.7247  (presence 2.5299  position 2.1947)  lr 5.38e-05  6.5 steps/s
step 68,700/90,000  loss 4.7300  (presence 2.5304  position 2.1996)  lr 5.33e-05  6.5 steps/s
step 68,800/90,000  loss 4.7187  (presence 2.5266  position 2.1921)  lr 5.29e-05  6.5 steps/s
step 68,900/90,000  loss 4.7195  (presence 2.5280  position 2.1915)  lr 5.24e-05  6.5 steps/s
step 69,000/90,000  loss 4.7187  (presence 2.5251  position 2.1936)  lr 5.19e-05  6.5 steps/s
step 69,100/90,000  loss 4.7227  (presence 2.5288  position 2.1939)  lr 5.15e-05  6.5 steps/s
step 69,200/90,000  loss 4.7317  (presence 2.5326  position 2.1991)  lr 5.10e-05  6.5 steps/s
step 69,300/90,000  loss 4.7298  (presence 2.5298  position 2.2001)  lr 5.05e-05  6.5 steps/s
step 69,400/90,000  loss 4.7247  (presence 2.5264  position 2.1983)  lr 5.01e-05  6.5 steps/s
step 69,500/90,000  loss 4.7259  (presence 2.5322  position 2.1937)  lr 4.96e-05  6.5 steps/s
step 69,600/90,000  loss 4.7179  (presence 2.5259  position 2.1920)  lr 4.91e-05  6.5 steps/s
step 69,700/90,000  loss 4.7303  (presence 2.5318  position 2.1985)  lr 4.87e-05  6.5 steps/s
step 69,800/90,000  loss 4.7264  (presence 2.5294  position 2.1970)  lr 4.82e-05  6.5 steps/s
step 69,900/90,000  loss 4.7280  (presence 2.5305  position 2.1975)  lr 4.78e-05  6.5 steps/s
step 70,000/90,000  loss 4.7213  (presence 2.5280  position 2.1933)  lr 4.73e-05  6.5 steps/s
  eval @ 70,000: win rate 69.05%  mean wrong 3.524  <- best, checkpointed
step 70,100/90,000  loss 4.7203  (presence 2.5263  position 2.1940)  lr 4.68e-05  6.5 steps/s
step 70,200/90,000  loss 4.7281  (presence 2.5306  position 2.1974)  lr 4.64e-05  6.5 steps/s
step 70,300/90,000  loss 4.7213  (presence 2.5278  position 2.1934)  lr 4.59e-05  6.5 steps/s
step 70,400/90,000  loss 4.7255  (presence 2.5295  position 2.1959)  lr 4.55e-05  6.5 steps/s
step 70,500/90,000  loss 4.7117  (presence 2.5259  position 2.1858)  lr 4.51e-05  6.5 steps/s
step 70,600/90,000  loss 4.7161  (presence 2.5257  position 2.1904)  lr 4.46e-05  6.5 steps/s
step 70,700/90,000  loss 4.7221  (presence 2.5281  position 2.1940)  lr 4.42e-05  6.5 steps/s
step 70,800/90,000  loss 4.7246  (presence 2.5285  position 2.1962)  lr 4.37e-05  6.5 steps/s
step 70,900/90,000  loss 4.7224  (presence 2.5278  position 2.1946)  lr 4.33e-05  6.5 steps/s
step 71,000/90,000  loss 4.7218  (presence 2.5266  position 2.1952)  lr 4.29e-05  6.5 steps/s
step 71,100/90,000  loss 4.7192  (presence 2.5258  position 2.1934)  lr 4.24e-05  6.5 steps/s
step 71,200/90,000  loss 4.7161  (presence 2.5260  position 2.1901)  lr 4.20e-05  6.5 steps/s
step 71,300/90,000  loss 4.7196  (presence 2.5282  position 2.1914)  lr 4.16e-05  6.5 steps/s
step 71,400/90,000  loss 4.7268  (presence 2.5292  position 2.1976)  lr 4.11e-05  6.5 steps/s
step 71,500/90,000  loss 4.7176  (presence 2.5268  position 2.1908)  lr 4.07e-05  6.5 steps/s
step 71,600/90,000  loss 4.7192  (presence 2.5258  position 2.1933)  lr 4.03e-05  6.5 steps/s
step 71,700/90,000  loss 4.7208  (presence 2.5268  position 2.1940)  lr 3.99e-05  6.5 steps/s
step 71,800/90,000  loss 4.7190  (presence 2.5251  position 2.1939)  lr 3.94e-05  6.5 steps/s
step 71,900/90,000  loss 4.7276  (presence 2.5293  position 2.1983)  lr 3.90e-05  6.5 steps/s
step 72,000/90,000  loss 4.7181  (presence 2.5282  position 2.1899)  lr 3.86e-05  6.5 steps/s
step 72,100/90,000  loss 4.7241  (presence 2.5275  position 2.1966)  lr 3.82e-05  6.4 steps/s
step 72,200/90,000  loss 4.7262  (presence 2.5311  position 2.1952)  lr 3.78e-05  6.4 steps/s
step 72,300/90,000  loss 4.7253  (presence 2.5305  position 2.1947)  lr 3.74e-05  6.4 steps/s
step 72,400/90,000  loss 4.7230  (presence 2.5284  position 2.1946)  lr 3.70e-05  6.4 steps/s
step 72,500/90,000  loss 4.7234  (presence 2.5271  position 2.1963)  lr 3.66e-05  6.4 steps/s
  eval @ 72,500: win rate 69.05%  mean wrong 3.517
step 72,600/90,000  loss 4.7264  (presence 2.5289  position 2.1974)  lr 3.62e-05  6.4 steps/s
step 72,700/90,000  loss 4.7255  (presence 2.5282  position 2.1973)  lr 3.58e-05  6.4 steps/s
step 72,800/90,000  loss 4.7234  (presence 2.5274  position 2.1959)  lr 3.54e-05  6.4 steps/s
step 72,900/90,000  loss 4.7188  (presence 2.5262  position 2.1925)  lr 3.50e-05  6.4 steps/s
step 73,000/90,000  loss 4.7246  (presence 2.5270  position 2.1975)  lr 3.46e-05  6.4 steps/s
step 73,100/90,000  loss 4.7186  (presence 2.5254  position 2.1932)  lr 3.42e-05  6.4 steps/s
step 73,200/90,000  loss 4.7163  (presence 2.5258  position 2.1905)  lr 3.38e-05  6.4 steps/s
step 73,300/90,000  loss 4.7247  (presence 2.5292  position 2.1955)  lr 3.34e-05  6.4 steps/s
step 73,400/90,000  loss 4.7186  (presence 2.5261  position 2.1925)  lr 3.30e-05  6.4 steps/s
step 73,500/90,000  loss 4.7239  (presence 2.5276  position 2.1963)  lr 3.26e-05  6.4 steps/s
step 73,600/90,000  loss 4.7196  (presence 2.5259  position 2.1937)  lr 3.22e-05  6.4 steps/s
step 73,700/90,000  loss 4.7207  (presence 2.5261  position 2.1947)  lr 3.19e-05  6.4 steps/s
step 73,800/90,000  loss 4.7200  (presence 2.5259  position 2.1941)  lr 3.15e-05  6.4 steps/s
step 73,900/90,000  loss 4.7241  (presence 2.5281  position 2.1960)  lr 3.11e-05  6.4 steps/s
step 74,000/90,000  loss 4.7221  (presence 2.5282  position 2.1939)  lr 3.07e-05  6.4 steps/s
step 74,100/90,000  loss 4.7202  (presence 2.5271  position 2.1930)  lr 3.04e-05  6.4 steps/s
step 74,200/90,000  loss 4.7204  (presence 2.5268  position 2.1935)  lr 3.00e-05  6.4 steps/s
step 74,300/90,000  loss 4.7216  (presence 2.5261  position 2.1955)  lr 2.96e-05  6.4 steps/s
step 74,400/90,000  loss 4.7174  (presence 2.5266  position 2.1908)  lr 2.92e-05  6.4 steps/s
step 74,500/90,000  loss 4.7199  (presence 2.5262  position 2.1938)  lr 2.89e-05  6.4 steps/s
step 74,600/90,000  loss 4.7239  (presence 2.5294  position 2.1945)  lr 2.85e-05  6.4 steps/s
step 74,700/90,000  loss 4.7187  (presence 2.5259  position 2.1928)  lr 2.82e-05  6.4 steps/s
step 74,800/90,000  loss 4.7210  (presence 2.5276  position 2.1934)  lr 2.78e-05  6.4 steps/s
step 74,900/90,000  loss 4.7250  (presence 2.5292  position 2.1958)  lr 2.74e-05  6.4 steps/s
step 75,000/90,000  loss 4.7235  (presence 2.5288  position 2.1947)  lr 2.71e-05  6.4 steps/s
  eval @ 75,000: win rate 68.90%  mean wrong 3.507
step 75,100/90,000  loss 4.7174  (presence 2.5252  position 2.1923)  lr 2.67e-05  6.4 steps/s
step 75,200/90,000  loss 4.7206  (presence 2.5269  position 2.1936)  lr 2.64e-05  6.4 steps/s
step 75,300/90,000  loss 4.7107  (presence 2.5244  position 2.1863)  lr 2.60e-05  6.4 steps/s
step 75,400/90,000  loss 4.7162  (presence 2.5260  position 2.1902)  lr 2.57e-05  6.4 steps/s
step 75,500/90,000  loss 4.7273  (presence 2.5315  position 2.1958)  lr 2.54e-05  6.4 steps/s
step 75,600/90,000  loss 4.7241  (presence 2.5297  position 2.1945)  lr 2.50e-05  6.4 steps/s
step 75,700/90,000  loss 4.7200  (presence 2.5265  position 2.1935)  lr 2.47e-05  6.4 steps/s
step 75,800/90,000  loss 4.7249  (presence 2.5268  position 2.1981)  lr 2.43e-05  6.4 steps/s
step 75,900/90,000  loss 4.7113  (presence 2.5234  position 2.1879)  lr 2.40e-05  6.4 steps/s
step 76,000/90,000  loss 4.7196  (presence 2.5260  position 2.1935)  lr 2.37e-05  6.4 steps/s
step 76,100/90,000  loss 4.7165  (presence 2.5251  position 2.1914)  lr 2.33e-05  6.4 steps/s
step 76,200/90,000  loss 4.7095  (presence 2.5221  position 2.1874)  lr 2.30e-05  6.4 steps/s
step 76,300/90,000  loss 4.7198  (presence 2.5268  position 2.1930)  lr 2.27e-05  6.4 steps/s
step 76,400/90,000  loss 4.7197  (presence 2.5269  position 2.1929)  lr 2.24e-05  6.4 steps/s
step 76,500/90,000  loss 4.7206  (presence 2.5261  position 2.1945)  lr 2.20e-05  6.4 steps/s
step 76,600/90,000  loss 4.7186  (presence 2.5272  position 2.1913)  lr 2.17e-05  6.4 steps/s
step 76,700/90,000  loss 4.7203  (presence 2.5263  position 2.1940)  lr 2.14e-05  6.3 steps/s
step 76,800/90,000  loss 4.7208  (presence 2.5267  position 2.1941)  lr 2.11e-05  6.3 steps/s
step 76,900/90,000  loss 4.7238  (presence 2.5277  position 2.1960)  lr 2.08e-05  6.3 steps/s
step 77,000/90,000  loss 4.7159  (presence 2.5256  position 2.1903)  lr 2.05e-05  6.3 steps/s
step 77,100/90,000  loss 4.7231  (presence 2.5278  position 2.1953)  lr 2.02e-05  6.3 steps/s
step 77,200/90,000  loss 4.7160  (presence 2.5254  position 2.1906)  lr 1.99e-05  6.3 steps/s
step 77,300/90,000  loss 4.7184  (presence 2.5246  position 2.1938)  lr 1.95e-05  6.3 steps/s
step 77,400/90,000  loss 4.7229  (presence 2.5273  position 2.1956)  lr 1.92e-05  6.3 steps/s
step 77,500/90,000  loss 4.7239  (presence 2.5276  position 2.1963)  lr 1.89e-05  6.3 steps/s
  eval @ 77,500: win rate 69.00%  mean wrong 3.498
step 77,600/90,000  loss 4.7201  (presence 2.5263  position 2.1938)  lr 1.87e-05  6.3 steps/s
step 77,700/90,000  loss 4.7203  (presence 2.5273  position 2.1929)  lr 1.84e-05  6.3 steps/s
step 77,800/90,000  loss 4.7256  (presence 2.5287  position 2.1969)  lr 1.81e-05  6.3 steps/s
step 77,900/90,000  loss 4.7154  (presence 2.5257  position 2.1897)  lr 1.78e-05  6.3 steps/s
step 78,000/90,000  loss 4.7165  (presence 2.5262  position 2.1903)  lr 1.75e-05  6.3 steps/s
step 78,100/90,000  loss 4.7174  (presence 2.5247  position 2.1927)  lr 1.72e-05  6.3 steps/s
step 78,200/90,000  loss 4.7194  (presence 2.5259  position 2.1935)  lr 1.69e-05  6.3 steps/s
step 78,300/90,000  loss 4.7179  (presence 2.5249  position 2.1929)  lr 1.66e-05  6.3 steps/s
step 78,400/90,000  loss 4.7156  (presence 2.5241  position 2.1915)  lr 1.64e-05  6.3 steps/s
step 78,500/90,000  loss 4.7227  (presence 2.5270  position 2.1957)  lr 1.61e-05  6.3 steps/s
step 78,600/90,000  loss 4.7220  (presence 2.5279  position 2.1941)  lr 1.58e-05  6.3 steps/s
step 78,700/90,000  loss 4.7098  (presence 2.5224  position 2.1874)  lr 1.55e-05  6.3 steps/s
step 78,800/90,000  loss 4.7222  (presence 2.5296  position 2.1926)  lr 1.53e-05  6.3 steps/s
step 78,900/90,000  loss 4.7205  (presence 2.5273  position 2.1932)  lr 1.50e-05  6.3 steps/s
step 79,000/90,000  loss 4.7179  (presence 2.5274  position 2.1905)  lr 1.47e-05  6.3 steps/s
step 79,100/90,000  loss 4.7192  (presence 2.5259  position 2.1933)  lr 1.45e-05  6.3 steps/s
step 79,200/90,000  loss 4.7087  (presence 2.5220  position 2.1867)  lr 1.42e-05  6.3 steps/s
step 79,300/90,000  loss 4.7178  (presence 2.5255  position 2.1923)  lr 1.39e-05  6.3 steps/s
step 79,400/90,000  loss 4.7208  (presence 2.5297  position 2.1911)  lr 1.37e-05  6.3 steps/s
step 79,500/90,000  loss 4.7132  (presence 2.5243  position 2.1888)  lr 1.34e-05  6.3 steps/s
step 79,600/90,000  loss 4.7204  (presence 2.5274  position 2.1931)  lr 1.32e-05  6.3 steps/s
step 79,700/90,000  loss 4.7180  (presence 2.5244  position 2.1936)  lr 1.29e-05  6.3 steps/s
step 79,800/90,000  loss 4.7193  (presence 2.5263  position 2.1930)  lr 1.27e-05  6.3 steps/s
step 79,900/90,000  loss 4.7205  (presence 2.5282  position 2.1923)  lr 1.24e-05  6.3 steps/s
step 80,000/90,000  loss 4.7190  (presence 2.5264  position 2.1925)  lr 1.22e-05  6.3 steps/s
  eval @ 80,000: win rate 69.30%  mean wrong 3.494  <- best, checkpointed
step 80,100/90,000  loss 4.7240  (presence 2.5265  position 2.1975)  lr 1.20e-05  6.3 steps/s
step 80,200/90,000  loss 4.7245  (presence 2.5287  position 2.1958)  lr 1.17e-05  6.3 steps/s
step 80,300/90,000  loss 4.7173  (presence 2.5250  position 2.1923)  lr 1.15e-05  6.3 steps/s
step 80,400/90,000  loss 4.7166  (presence 2.5266  position 2.1900)  lr 1.13e-05  6.3 steps/s
step 80,500/90,000  loss 4.7197  (presence 2.5265  position 2.1932)  lr 1.10e-05  6.3 steps/s
step 80,600/90,000  loss 4.7199  (presence 2.5266  position 2.1933)  lr 1.08e-05  6.3 steps/s
step 80,700/90,000  loss 4.7219  (presence 2.5282  position 2.1937)  lr 1.06e-05  6.3 steps/s
step 80,800/90,000  loss 4.7250  (presence 2.5286  position 2.1964)  lr 1.03e-05  6.3 steps/s
step 80,900/90,000  loss 4.7192  (presence 2.5264  position 2.1928)  lr 1.01e-05  6.3 steps/s
step 81,000/90,000  loss 4.7194  (presence 2.5258  position 2.1935)  lr 9.90e-06  6.3 steps/s
step 81,100/90,000  loss 4.7212  (presence 2.5249  position 2.1963)  lr 9.68e-06  6.3 steps/s
step 81,200/90,000  loss 4.7177  (presence 2.5254  position 2.1923)  lr 9.47e-06  6.3 steps/s
step 81,300/90,000  loss 4.7210  (presence 2.5276  position 2.1934)  lr 9.26e-06  6.3 steps/s
step 81,400/90,000  loss 4.7182  (presence 2.5244  position 2.1938)  lr 9.05e-06  6.3 steps/s
step 81,500/90,000  loss 4.7215  (presence 2.5273  position 2.1942)  lr 8.84e-06  6.3 steps/s
step 81,600/90,000  loss 4.7079  (presence 2.5218  position 2.1861)  lr 8.63e-06  6.3 steps/s
step 81,700/90,000  loss 4.7172  (presence 2.5274  position 2.1898)  lr 8.43e-06  6.3 steps/s
step 81,800/90,000  loss 4.7225  (presence 2.5281  position 2.1944)  lr 8.23e-06  6.3 steps/s
step 81,900/90,000  loss 4.7162  (presence 2.5252  position 2.1910)  lr 8.03e-06  6.3 steps/s
step 82,000/90,000  loss 4.7196  (presence 2.5296  position 2.1900)  lr 7.84e-06  6.2 steps/s
step 82,100/90,000  loss 4.7182  (presence 2.5259  position 2.1923)  lr 7.64e-06  6.2 steps/s
step 82,200/90,000  loss 4.7207  (presence 2.5259  position 2.1948)  lr 7.45e-06  6.2 steps/s
step 82,300/90,000  loss 4.7209  (presence 2.5290  position 2.1919)  lr 7.26e-06  6.2 steps/s
step 82,400/90,000  loss 4.7188  (presence 2.5260  position 2.1928)  lr 7.08e-06  6.2 steps/s
step 82,500/90,000  loss 4.7147  (presence 2.5245  position 2.1902)  lr 6.89e-06  6.2 steps/s
  eval @ 82,500: win rate 69.50%  mean wrong 3.494  <- best, checkpointed
step 82,600/90,000  loss 4.7114  (presence 2.5257  position 2.1858)  lr 6.71e-06  6.2 steps/s
step 82,700/90,000  loss 4.7161  (presence 2.5257  position 2.1903)  lr 6.53e-06  6.2 steps/s
step 82,800/90,000  loss 4.7220  (presence 2.5275  position 2.1945)  lr 6.36e-06  6.2 steps/s
step 82,900/90,000  loss 4.7140  (presence 2.5256  position 2.1883)  lr 6.18e-06  6.2 steps/s
step 83,000/90,000  loss 4.7115  (presence 2.5218  position 2.1898)  lr 6.01e-06  6.2 steps/s
step 83,100/90,000  loss 4.7151  (presence 2.5245  position 2.1906)  lr 5.84e-06  6.2 steps/s
step 83,200/90,000  loss 4.7111  (presence 2.5229  position 2.1882)  lr 5.67e-06  6.2 steps/s
step 83,300/90,000  loss 4.7144  (presence 2.5241  position 2.1903)  lr 5.51e-06  6.2 steps/s
step 83,400/90,000  loss 4.7156  (presence 2.5256  position 2.1901)  lr 5.34e-06  6.2 steps/s
step 83,500/90,000  loss 4.7110  (presence 2.5237  position 2.1873)  lr 5.18e-06  6.2 steps/s
step 83,600/90,000  loss 4.7225  (presence 2.5274  position 2.1951)  lr 5.03e-06  6.2 steps/s
step 83,700/90,000  loss 4.7208  (presence 2.5270  position 2.1938)  lr 4.87e-06  6.2 steps/s
step 83,800/90,000  loss 4.7197  (presence 2.5265  position 2.1931)  lr 4.72e-06  6.2 steps/s
step 83,900/90,000  loss 4.7231  (presence 2.5280  position 2.1951)  lr 4.57e-06  6.2 steps/s
step 84,000/90,000  loss 4.7141  (presence 2.5248  position 2.1893)  lr 4.42e-06  6.2 steps/s
step 84,100/90,000  loss 4.7239  (presence 2.5275  position 2.1964)  lr 4.28e-06  6.2 steps/s
step 84,200/90,000  loss 4.7228  (presence 2.5273  position 2.1955)  lr 4.13e-06  6.2 steps/s
step 84,300/90,000  loss 4.7171  (presence 2.5243  position 2.1929)  lr 3.99e-06  6.2 steps/s
step 84,400/90,000  loss 4.7213  (presence 2.5271  position 2.1942)  lr 3.85e-06  6.2 steps/s
step 84,500/90,000  loss 4.7167  (presence 2.5247  position 2.1920)  lr 3.72e-06  6.2 steps/s
step 84,600/90,000  loss 4.7066  (presence 2.5202  position 2.1864)  lr 3.58e-06  6.2 steps/s
step 84,700/90,000  loss 4.7105  (presence 2.5230  position 2.1874)  lr 3.45e-06  6.2 steps/s
step 84,800/90,000  loss 4.7273  (presence 2.5278  position 2.1995)  lr 3.32e-06  6.2 steps/s
step 84,900/90,000  loss 4.7204  (presence 2.5283  position 2.1922)  lr 3.20e-06  6.2 steps/s
step 85,000/90,000  loss 4.7153  (presence 2.5240  position 2.1913)  lr 3.07e-06  6.2 steps/s
  eval @ 85,000: win rate 69.25%  mean wrong 3.493
step 85,100/90,000  loss 4.7207  (presence 2.5278  position 2.1929)  lr 2.95e-06  6.2 steps/s
step 85,200/90,000  loss 4.7147  (presence 2.5248  position 2.1899)  lr 2.83e-06  6.2 steps/s
step 85,300/90,000  loss 4.7176  (presence 2.5267  position 2.1910)  lr 2.72e-06  6.2 steps/s
step 85,400/90,000  loss 4.7181  (presence 2.5259  position 2.1922)  lr 2.60e-06  6.2 steps/s
step 85,500/90,000  loss 4.7236  (presence 2.5286  position 2.1950)  lr 2.49e-06  6.2 steps/s
step 85,600/90,000  loss 4.7086  (presence 2.5213  position 2.1873)  lr 2.38e-06  6.2 steps/s
step 85,700/90,000  loss 4.7149  (presence 2.5247  position 2.1902)  lr 2.27e-06  6.2 steps/s
step 85,800/90,000  loss 4.7145  (presence 2.5250  position 2.1895)  lr 2.17e-06  6.2 steps/s
step 85,900/90,000  loss 4.7127  (presence 2.5252  position 2.1875)  lr 2.07e-06  6.2 steps/s
step 86,000/90,000  loss 4.7088  (presence 2.5216  position 2.1872)  lr 1.97e-06  6.2 steps/s
step 86,100/90,000  loss 4.7134  (presence 2.5257  position 2.1877)  lr 1.87e-06  6.2 steps/s
step 86,200/90,000  loss 4.7209  (presence 2.5277  position 2.1932)  lr 1.78e-06  6.2 steps/s
step 86,300/90,000  loss 4.7162  (presence 2.5247  position 2.1914)  lr 1.69e-06  6.2 steps/s
step 86,400/90,000  loss 4.7139  (presence 2.5262  position 2.1877)  lr 1.60e-06  6.2 steps/s
step 86,500/90,000  loss 4.7175  (presence 2.5264  position 2.1911)  lr 1.51e-06  6.2 steps/s
step 86,600/90,000  loss 4.7154  (presence 2.5271  position 2.1882)  lr 1.42e-06  6.2 steps/s
step 86,700/90,000  loss 4.7129  (presence 2.5235  position 2.1894)  lr 1.34e-06  6.2 steps/s
step 86,800/90,000  loss 4.7202  (presence 2.5285  position 2.1917)  lr 1.26e-06  6.2 steps/s
step 86,900/90,000  loss 4.7134  (presence 2.5258  position 2.1877)  lr 1.18e-06  6.2 steps/s
step 87,000/90,000  loss 4.7147  (presence 2.5231  position 2.1915)  lr 1.11e-06  6.2 steps/s
step 87,100/90,000  loss 4.7147  (presence 2.5248  position 2.1899)  lr 1.04e-06  6.2 steps/s
step 87,200/90,000  loss 4.7199  (presence 2.5237  position 2.1963)  lr 9.66e-07  6.2 steps/s
step 87,300/90,000  loss 4.7134  (presence 2.5239  position 2.1895)  lr 8.98e-07  6.2 steps/s
step 87,400/90,000  loss 4.7142  (presence 2.5263  position 2.1879)  lr 8.33e-07  6.2 steps/s
step 87,500/90,000  loss 4.7123  (presence 2.5243  position 2.1879)  lr 7.70e-07  6.2 steps/s
  eval @ 87,500: win rate 69.50%  mean wrong 3.491
step 87,600/90,000  loss 4.7135  (presence 2.5250  position 2.1885)  lr 7.10e-07  6.2 steps/s
step 87,700/90,000  loss 4.7254  (presence 2.5303  position 2.1951)  lr 6.52e-07  6.2 steps/s
step 87,800/90,000  loss 4.7113  (presence 2.5216  position 2.1897)  lr 5.97e-07  6.2 steps/s
step 87,900/90,000  loss 4.7171  (presence 2.5268  position 2.1903)  lr 5.44e-07  6.2 steps/s
step 88,000/90,000  loss 4.7112  (presence 2.5240  position 2.1872)  lr 4.93e-07  6.2 steps/s
step 88,100/90,000  loss 4.7177  (presence 2.5272  position 2.1904)  lr 4.45e-07  6.2 steps/s
step 88,200/90,000  loss 4.7155  (presence 2.5249  position 2.1906)  lr 4.00e-07  6.2 steps/s
step 88,300/90,000  loss 4.7173  (presence 2.5245  position 2.1929)  lr 3.56e-07  6.2 steps/s
step 88,400/90,000  loss 4.7130  (presence 2.5248  position 2.1881)  lr 3.16e-07  6.2 steps/s
step 88,500/90,000  loss 4.7158  (presence 2.5251  position 2.1907)  lr 2.78e-07  6.1 steps/s
step 88,600/90,000  loss 4.7170  (presence 2.5275  position 2.1895)  lr 2.42e-07  6.1 steps/s
step 88,700/90,000  loss 4.7073  (presence 2.5228  position 2.1846)  lr 2.09e-07  6.1 steps/s
step 88,800/90,000  loss 4.7131  (presence 2.5237  position 2.1894)  lr 1.78e-07  6.1 steps/s
step 88,900/90,000  loss 4.7127  (presence 2.5239  position 2.1887)  lr 1.49e-07  6.1 steps/s
step 89,000/90,000  loss 4.7224  (presence 2.5271  position 2.1954)  lr 1.23e-07  6.1 steps/s
step 89,100/90,000  loss 4.7156  (presence 2.5257  position 2.1899)  lr 1.00e-07  6.1 steps/s
step 89,200/90,000  loss 4.7164  (presence 2.5242  position 2.1922)  lr 7.90e-08  6.1 steps/s
step 89,300/90,000  loss 4.7208  (presence 2.5248  position 2.1959)  lr 6.05e-08  6.1 steps/s
step 89,400/90,000  loss 4.7122  (presence 2.5227  position 2.1895)  lr 4.45e-08  6.1 steps/s
step 89,500/90,000  loss 4.7115  (presence 2.5214  position 2.1900)  lr 3.09e-08  6.1 steps/s
step 89,600/90,000  loss 4.7062  (presence 2.5215  position 2.1846)  lr 1.98e-08  6.1 steps/s
step 89,700/90,000  loss 4.7235  (presence 2.5276  position 2.1959)  lr 1.12e-08  6.1 steps/s
step 89,800/90,000  loss 4.7197  (presence 2.5271  position 2.1926)  lr 4.98e-09  6.1 steps/s
step 89,900/90,000  loss 4.7204  (presence 2.5278  position 2.1926)  lr 1.26e-09  6.1 steps/s
step 90,000/90,000  loss 4.7186  (presence 2.5272  position 2.1913)  lr 1.23e-13  6.1 steps/s
  eval @ 90,000: win rate 69.40%  mean wrong 3.491

best held-out win rate: 69.50%
checkpoint: artifacts\run6\best_model.pt
elapsed: 244.8 min
