device=cuda  words=250,000  checkpoint=artifacts\run6\best_model.pt
fitting CharKN(order=7) on 225,300 train words...
  fitted in 6s
  building sparse table (build_sparse_table_order7)...
  sparse table=(1240871, 27)  1684 MB  in 130s
Using BlendPolicy (neural + char-LM beam; weight=0.38, order=7, beam=800, max_blanks=10)
  turn  1: 250,000 active,       0/250,000 finished (  0.0%)  4.5 min
  turn  2: 250,000 active,       0/250,000 finished (  0.0%)  9.7 min
  turn  3: 249,962 active,      38/250,000 finished (  0.0%)  15.5 min
  turn  4: 249,721 active,     279/250,000 finished (  0.1%)  20.4 min
  turn  5: 248,688 active,   1,312/250,000 finished (  0.5%)  25.2 min
  turn  6: 244,399 active,   5,601/250,000 finished (  2.2%)  28.4 min
  turn  7: 230,686 active,  19,314/250,000 finished (  7.7%)  31.1 min
  turn  8: 200,202 active,  49,798/250,000 finished ( 19.9%)  32.9 min
  turn  9: 152,203 active,  97,797/250,000 finished ( 39.1%)  34.1 min
  turn 10:  96,670 active, 153,330/250,000 finished ( 61.3%)  34.8 min
  turn 11:  49,257 active, 200,743/250,000 finished ( 80.3%)  35.2 min
  turn 12:  19,677 active, 230,323/250,000 finished ( 92.1%)  35.3 min
  turn 13:   6,157 active, 243,843/250,000 finished ( 97.5%)  35.4 min
  turn 14:   1,528 active, 248,472/250,000 finished ( 99.4%)  35.4 min
  turn 15:     350 active, 249,650/250,000 finished ( 99.9%)  35.4 min
  turn 16:      67 active, 249,933/250,000 finished (100.0%)  35.4 min
  turn 17:      14 active, 249,986/250,000 finished (100.0%)  35.4 min
  turn 18:       1 active, 249,999/250,000 finished (100.0%)  35.4 min
  turn 19:       0 active, 250,000/250,000 finished (100.0%)  35.4 min

played in 35.4 min  (118 words/s)
win rate    : 77.0248%
total wrong : 749,865
mean wrong  : 2.9995
LB score~   : 76.9891

wrote submission_v5.csv

Submission: VALID
  rows            : 250,000
  win rate        : 77.0248%
  total wrong     : 749,865
  mean wrong/word : 2.9995
  wasted guesses  : 0 (emitted after termination)
  est. LB score   : 76.9891
