device=cuda  words=250,000  checkpoint=artifacts\run6\best_model.pt
fitting CharKN(order=7) on 225,300 train words...
  fitted in 6s
  building sparse table (build_sparse_table_order7)...
  sparse table=(1240871, 27)  1684 MB  in 124s
Using BlendPolicy (neural + char-LM beam; weight=0.5, order=7, beam=200, max_blanks=10)
  turn  1: 250,000 active,       0/250,000 finished (  0.0%)  1.1 min
  turn  2: 249,997 active,       3/250,000 finished (  0.0%)  2.5 min
  turn  3: 249,961 active,      39/250,000 finished (  0.0%)  4.0 min
  turn  4: 249,733 active,     267/250,000 finished (  0.1%)  5.6 min
  turn  5: 248,751 active,   1,249/250,000 finished (  0.5%)  7.1 min
  turn  6: 244,554 active,   5,446/250,000 finished (  2.2%)  8.4 min
  turn  7: 231,157 active,  18,843/250,000 finished (  7.5%)  9.4 min
  turn  8: 200,976 active,  49,024/250,000 finished ( 19.6%)  10.3 min
  turn  9: 152,677 active,  97,323/250,000 finished ( 38.9%)  11.0 min
  turn 10:  96,142 active, 153,858/250,000 finished ( 61.5%)  11.5 min
  turn 11:  47,612 active, 202,388/250,000 finished ( 81.0%)  11.8 min
  turn 12:  18,037 active, 231,963/250,000 finished ( 92.8%)  11.9 min
  turn 13:   5,388 active, 244,612/250,000 finished ( 97.8%)  12.0 min
  turn 14:   1,260 active, 248,740/250,000 finished ( 99.5%)  12.0 min
  turn 15:     259 active, 249,741/250,000 finished ( 99.9%)  12.0 min
  turn 16:      53 active, 249,947/250,000 finished (100.0%)  12.0 min
  turn 17:      12 active, 249,988/250,000 finished (100.0%)  12.0 min
  turn 18:       0 active, 250,000/250,000 finished (100.0%)  12.0 min

played in 12.0 min  (347 words/s)
win rate    : 76.0388%
total wrong : 750,651
mean wrong  : 3.0026
LB score~   : 76.0031

wrote submission_mwl8.csv

Submission: VALID
  rows            : 250,000
  win rate        : 76.0388%
  total wrong     : 750,651
  mean wrong/word : 3.0026
  wasted guesses  : 0 (emitted after termination)
  est. LB score   : 76.0031
