
fitting CharKN(order=7) on 205,300 words...
  held-out ppl 6.278
building sparse table (build_sparse_table_order7)...
  sparse  table=(1204476, 27)  1680 MB  in 110s

playing 8,000 HELD-OUT TRAIN words per config

max_blanks=10  beam_width=200  blank_pivot=None  nn_weight=0.0:
    weight=0.26                     win= 75.19%  wrong=3.123  (26s)
    weight=0.30                     win= 74.99%  wrong=3.122  (26s)
    weight=0.34                     win= 74.47%  wrong=3.127  (26s)
    weight=0.42                     win= 74.11%  wrong=3.136  (26s)

BEST: mb10_bw200_pNone_nn0.0_w0.26  ->  75.19%

per-length: neural-only vs mb10_bw200_pNone_nn0.0_w0.26
 len      n    neural     best    delta
   3     78      6.4%     6.4%     +0.0
   4    185     19.5%    19.5%     +0.0
   5    390     24.4%    24.4%     +0.0
   6    677     41.1%    41.1%     +0.0
   7    950     57.1%    57.1%     +0.0
   8   1127     70.4%    70.4%     +0.0
   9   1052     84.3%    84.3%     +0.0
  10    965     91.2%    91.2%     +0.0
  11    825     96.0%    96.0%     +0.0
  12    615     97.4%    97.4%     +0.0
  13    450     98.7%    98.7%     +0.0
  14    294     99.0%    99.0%     +0.0
  15    182     99.5%    99.5%     +0.0
  16     87     97.7%    97.7%     +0.0
  17     54    100.0%   100.0%     +0.0
  18     31    100.0%   100.0%     +0.0
