
fitting CharKN(order=7) on 205,300 words...
  held-out ppl 6.278
building sparse table (build_sparse_table_order7)...
  sparse  table=(1204476, 27)  1680 MB  in 111s

playing 8,000 HELD-OUT TRAIN words per config

max_blanks=10  beam_width=200  blank_pivot=None  nn_weight=0.0:
    weight=0.38                     win= 74.30%  wrong=3.131  (26s)
    weight=0.46                     win= 73.88%  wrong=3.145  (26s)
    weight=0.54                     win= 73.56%  wrong=3.167  (26s)
    weight=0.62                     win= 72.72%  wrong=3.202  (26s)

BEST: mb10_bw200_pNone_nn0.0_w0.38  ->  74.30%

per-length: neural-only vs mb10_bw200_pNone_nn0.0_w0.38
 len      n    neural     best    delta
   3     78      5.1%     5.1%     +0.0
   4    185     15.7%    15.7%     +0.0
   5    390     22.1%    22.1%     +0.0
   6    677     38.8%    38.8%     +0.0
   7    950     54.0%    54.0%     +0.0
   8   1127     70.4%    70.4%     +0.0
   9   1052     83.8%    83.8%     +0.0
  10    965     91.4%    91.4%     +0.0
  11    825     95.4%    95.4%     +0.0
  12    615     97.4%    97.4%     +0.0
  13    450     98.4%    98.4%     +0.0
  14    294     99.0%    99.0%     +0.0
  15    182     99.5%    99.5%     +0.0
  16     87     96.6%    96.6%     +0.0
  17     54    100.0%   100.0%     +0.0
  18     31    100.0%   100.0%     +0.0
