
fitting CharKN(order=7) on 205,300 words...
  held-out ppl 6.278
building sparse table (build_sparse_table_order7)...
  sparse  table=(1204476, 27)  1680 MB  in 119s

playing 8,000 HELD-OUT TRAIN words per config

max_blanks=10  beam_width=200  blank_pivot=None  nn_weight=0.0:
    weight=0.10                     win= 74.91%  wrong=3.171  (49s)
    weight=0.14                     win= 75.12%  wrong=3.157  (59s)
    weight=0.18                     win= 75.11%  wrong=3.143  (59s)
    weight=0.22                     win= 74.97%  wrong=3.139  (54s)

BEST: mb10_bw200_pNone_nn0.0_w0.14  ->  75.12%

per-length: neural-only vs mb10_bw200_pNone_nn0.0_w0.14
 len      n    neural     best    delta
   3     78     10.3%     7.7%     -2.6
   4    185     22.7%    20.5%     -2.2
   5    390     24.6%    26.9%     +2.3
   6    677     46.7%    46.4%     -0.3
   7    950     57.2%    57.1%     -0.1
   8   1127     68.5%    68.3%     -0.2
   9   1052     82.6%    83.6%     +1.0
  10    965     89.9%    90.7%     +0.7
  11    825     94.7%    95.2%     +0.5
  12    615     96.1%    96.1%     +0.0
  13    450     98.7%    98.2%     -0.4
  14    294     98.3%    98.6%     +0.3
  15    182     99.5%    99.5%     +0.0
  16     87     97.7%    97.7%     +0.0
  17     54    100.0%   100.0%     +0.0
  18     31    100.0%   100.0%     +0.0
